Component: Arm Compiler for Embedded 6.19 Tool: armlink [5e73cb00]

==============================================================================

Section Cross References

    main.o(.text.main) refers to systick.o(.text.systick_config) for systick_config
    main.o(.text.main) refers to main.o(.text.timer_config) for timer_config
    main.o(.text.main) refers to gd32e23x_misc.o(.text.nvic_irq_enable) for nvic_irq_enable
    main.o(.text.main) refers to main.o(.text.com_gpio_init) for com_gpio_init
    main.o(.text.main) refers to main.o(.text.com_usart_init) for com_usart_init
    main.o(.text.main) refers to gd32e23x_usart.o(.text.usart_interrupt_enable) for usart_interrupt_enable
    main.o(.text.main) refers to console.o(.text.InitConsole) for InitConsole
    main.o(.text.main) refers to console.o(.text.ConsoleWrite) for ConsoleWrite
    main.o(.text.main) refers to console.o(.text.GetCliData) for GetCliData
    main.o(.text.main) refers to relay.o(.text.Relay_task) for Relay_task
    main.o(.ARM.exidx.text.main) refers to main.o(.text.main) for [Anonymous Symbol]
    main.o(.text.timer_config) refers to gd32e23x_rcu.o(.text.rcu_periph_clock_enable) for rcu_periph_clock_enable
    main.o(.text.timer_config) refers to gd32e23x_timer.o(.text.timer_deinit) for timer_deinit
    main.o(.text.timer_config) refers to gd32e23x_timer.o(.text.timer_init) for timer_init
    main.o(.text.timer_config) refers to gd32e23x_timer.o(.text.timer_channel_output_config) for timer_channel_output_config
    main.o(.text.timer_config) refers to gd32e23x_timer.o(.text.timer_channel_output_pulse_value_config) for timer_channel_output_pulse_value_config
    main.o(.text.timer_config) refers to gd32e23x_timer.o(.text.timer_channel_output_mode_config) for timer_channel_output_mode_config
    main.o(.text.timer_config) refers to gd32e23x_timer.o(.text.timer_channel_output_shadow_config) for timer_channel_output_shadow_config
    main.o(.text.timer_config) refers to gd32e23x_timer.o(.text.timer_primary_output_config) for timer_primary_output_config
    main.o(.text.timer_config) refers to gd32e23x_timer.o(.text.timer_auto_reload_shadow_enable) for timer_auto_reload_shadow_enable
    main.o(.text.timer_config) refers to gd32e23x_timer.o(.text.timer_enable) for timer_enable
    main.o(.ARM.exidx.text.timer_config) refers to main.o(.text.timer_config) for [Anonymous Symbol]
    main.o(.text.com_gpio_init) refers to gd32e23x_rcu.o(.text.rcu_periph_clock_enable) for rcu_periph_clock_enable
    main.o(.text.com_gpio_init) refers to gd32e23x_gpio.o(.text.gpio_af_set) for gpio_af_set
    main.o(.text.com_gpio_init) refers to gd32e23x_gpio.o(.text.gpio_mode_set) for gpio_mode_set
    main.o(.text.com_gpio_init) refers to gd32e23x_gpio.o(.text.gpio_output_options_set) for gpio_output_options_set
    main.o(.ARM.exidx.text.com_gpio_init) refers to main.o(.text.com_gpio_init) for [Anonymous Symbol]
    main.o(.text.com_usart_init) refers to gd32e23x_rcu.o(.text.rcu_periph_clock_enable) for rcu_periph_clock_enable
    main.o(.text.com_usart_init) refers to gd32e23x_usart.o(.text.usart_deinit) for usart_deinit
    main.o(.text.com_usart_init) refers to gd32e23x_usart.o(.text.usart_word_length_set) for usart_word_length_set
    main.o(.text.com_usart_init) refers to gd32e23x_usart.o(.text.usart_stop_bit_set) for usart_stop_bit_set
    main.o(.text.com_usart_init) refers to gd32e23x_usart.o(.text.usart_parity_config) for usart_parity_config
    main.o(.text.com_usart_init) refers to gd32e23x_usart.o(.text.usart_baudrate_set) for usart_baudrate_set
    main.o(.text.com_usart_init) refers to gd32e23x_usart.o(.text.usart_receive_config) for usart_receive_config
    main.o(.text.com_usart_init) refers to gd32e23x_usart.o(.text.usart_transmit_config) for usart_transmit_config
    main.o(.text.com_usart_init) refers to gd32e23x_usart.o(.text.usart_enable) for usart_enable
    main.o(.ARM.exidx.text.com_usart_init) refers to main.o(.text.com_usart_init) for [Anonymous Symbol]
    main.o(.text.gpio_init) refers to gd32e23x_gpio.o(.text.gpio_mode_set) for gpio_mode_set
    main.o(.text.gpio_init) refers to gd32e23x_gpio.o(.text.gpio_output_options_set) for gpio_output_options_set
    main.o(.text.gpio_init) refers to gd32e23x_gpio.o(.text.gpio_bit_reset) for gpio_bit_reset
    main.o(.text.gpio_init) refers to gd32e23x_gpio.o(.text.gpio_af_set) for gpio_af_set
    main.o(.ARM.exidx.text.gpio_init) refers to main.o(.text.gpio_init) for [Anonymous Symbol]
    main.o(.text.USART1_IRQHandler) refers to gd32e23x_usart.o(.text.usart_interrupt_flag_get) for usart_interrupt_flag_get
    main.o(.text.USART1_IRQHandler) refers to gd32e23x_usart.o(.text.usart_data_receive) for usart_data_receive
    main.o(.text.USART1_IRQHandler) refers to fifo.o(.text.FIFO_Put) for FIFO_Put
    main.o(.text.USART1_IRQHandler) refers to console.o(.bss.Uart_Rx) for Uart_Rx
[...]
    Removing gd32e23x_timer.o(.ARM.exidx.text.timer_external_clock_mode1_disable), (8 bytes).
    Removing gd32e23x_timer.o(.text.timer_channel_remap_config), (16 bytes).
    Removing gd32e23x_timer.o(.ARM.exidx.text.timer_channel_remap_config), (8 bytes).
    Removing gd32e23x_timer.o(.text.timer_write_chxval_register_config), (60 bytes).
    Removing gd32e23x_timer.o(.ARM.exidx.text.timer_write_chxval_register_config), (8 bytes).
    Removing gd32e23x_timer.o(.text.timer_output_value_selection_config), (60 bytes).
    Removing gd32e23x_timer.o(.ARM.exidx.text.timer_output_value_selection_config), (8 bytes).
    Removing gd32e23x_usart.o(.text), (0 bytes).
    Removing gd32e23x_usart.o(.ARM.exidx.text.usart_deinit), (8 bytes).
    Removing gd32e23x_usart.o(.ARM.exidx.text.usart_baudrate_set), (8 bytes).
    Removing gd32e23x_usart.o(.ARM.exidx.text.usart_parity_config), (8 bytes).
    Removing gd32e23x_usart.o(.ARM.exidx.text.usart_word_length_set), (8 bytes).
    Removing gd32e23x_usart.o(.ARM.exidx.text.usart_stop_bit_set), (8 bytes).
    Removing gd32e23x_usart.o(.ARM.exidx.text.usart_enable), (8 bytes).
    Removing gd32e23x_usart.o(.text.usart_disable), (18 bytes).
    Removing gd32e23x_usart.o(.ARM.exidx.text.usart_disable), (8 bytes).
    Removing gd32e23x_usart.o(.ARM.exidx.text.usart_transmit_config), (8 bytes).
    Removing gd32e23x_usart.o(.ARM.exidx.text.usart_receive_config), (8 bytes).
    Removing gd32e23x_usart.o(.text.usart_data_first_config), (42 bytes).
    Removing gd32e23x_usart.o(.ARM.exidx.text.usart_data_first_config), (8 bytes).
    Removing gd32e23x_usart.o(.text.usart_invert_config), (186 bytes).
    Removing gd32e23x_usart.o(.ARM.exidx.text.usart_invert_config), (8 bytes).
    Removing gd32e23x_usart.o(.text.usart_overrun_enable), (30 bytes).
    Removing gd32e23x_usart.o(.ARM.exidx.text.usart_overrun_enable), (8 bytes).
    Removing gd32e23x_usart.o(.text.usart_overrun_disable), (30 bytes).
    Removing gd32e23x_usart.o(.ARM.exidx.text.usart_overrun_disable), (8 bytes).
    Removing gd32e23x_usart.o(.text.usart_oversample_config), (42 bytes).
    Removing gd32e23x_usart.o(.ARM.exidx.text.usart_oversample_config), (8 bytes).
    Removing gd32e23x_usart.o(.text.usart_sample_bit_config), (42 bytes).
    Removing gd32e23x_usart.o(.ARM.exidx.text.usart_sample_bit_config), (8 bytes).
    Removing gd32e23x_usart.o(.text.usart_receiver_timeout_enable), (20 bytes).
    Removing gd32e23x_usart.o(.ARM.exidx.text.usart_receiver_timeout_enable), (8 bytes).
    Removing gd32e23x_usart.o(.text.usart_receiver_timeout_disable), (20 bytes).
    Removing gd32e23x_usart.o(.ARM.exidx.text.usart_receiver_timeout_disable), (8 bytes).
    Removing gd32e23x_usart.o(.text.usart_receiver_timeout_threshold_config), (32 bytes).
    Removing gd32e23x_usart.o(.ARM.exidx.text.usart_receiver_timeout_threshold_config), (8 bytes).
    Removing gd32e23x_usart.o(.ARM.exidx.text.usart_data_transmit), (8 bytes).
    Removing gd32e23x_usart.o(.ARM.exidx.text.usart_data_receive), (8 bytes).
    Removing gd32e23x_usart.o(.text.usart_address_config), (46 bytes).
    Removing gd32e23x_usart.o(.ARM.exidx.text.usart_address_config), (8 bytes).
    Removing gd32e23x_usart.o(.text.usart_address_detection_mode_config), (42 bytes).
    Removing gd32e23x_usart.o(.ARM.exidx.text.usart_address_detection_mode_config), (8 bytes).
    Removing gd32e23x_usart.o(.text.usart_mute_mode_enable), (20 bytes).
    Removing gd32e23x_usart.o(.ARM.exidx.text.usart_mute_mode_enable), (8 bytes).
    Removing gd32e23x_usart.o(.text.usart_mute_mode_disable), (20 bytes).
    Removing gd32e23x_usart.o(.ARM.exidx.text.usart_mute_mode_disable), (8 bytes).
    Removing gd32e23x_usart.o(.text.usart_mute_mode_wakeup_config), (42 bytes).
    Removing gd32e23x_usart.o(.ARM.exidx.text.usart_mute_mode_wakeup_config), (8 bytes).
    Removing gd32e23x_usart.o(.text.usart_lin_mode_enable), (30 bytes).
    Removing gd32e23x_usart.o(.ARM.exidx.text.usart_lin_mode_enable), (8 bytes).
    Removing gd32e23x_usart.o(.text.usart_lin_mode_disable), (30 bytes).
    Removing gd32e23x_usart.o(.ARM.exidx.text.usart_lin_mode_disable), (8 bytes).
    Removing gd32e23x_usart.o(.text.usart_lin_break_detection_length_config), (42 bytes).
    Removing gd32e23x_usart.o(.ARM.exidx.text.usart_lin_break_detection_length_config), (8 bytes).
    Removing gd32e23x_usart.o(.text.usart_halfduplex_enable), (28 bytes).
    Removing gd32e23x_usart.o(.ARM.exidx.text.usart_halfduplex_enable), (8 bytes).
    Removing gd32e23x_usart.o(.text.usart_halfduplex_disable), (28 bytes).
    Removing gd32e23x_usart.o(.ARM.exidx.text.usart_halfduplex_disable), (8 bytes).
    Removing gd32e23x_usart.o(.text.usart_clock_enable), (30 bytes).
    Removing gd32e23x_usart.o(.ARM.exidx.text.usart_clock_enable), (8 bytes).
    Removing gd32e23x_usart.o(.text.usart_clock_disable), (30 bytes).
    Removing gd32e23x_usart.o(.ARM.exidx.text.usart_clock_disable), (8 bytes).
    Removing gd32e23x_usart.o(.text.usart_synchronous_clock_config), (84 bytes).
    Removing gd32e23x_usart.o(.ARM.exidx.text.usart_synchronous_clock_config), (8 bytes).
    Removing gd32e23x_usart.o(.text.usart_guard_time_config), (46 bytes).
    Removing gd32e23x_usart.o(.ARM.exidx.text.usart_guard_time_config), (8 bytes).
    Removing gd32e23x_usart.o(.text.usart_smartcard_mode_enable), (28 bytes).
    Removing gd32e23x_usart.o(.ARM.exidx.text.usart_smartcard_mode_enable), (8 bytes).
    Removing gd32e23x_usart.o(.text.usart_smartcard_mode_disable), (28 bytes).
    Removing gd32e23x_usart.o(.ARM.exidx.text.usart_smartcard_mode_disable), (8 bytes).
    Removing gd32e23x_usart.o(.text.usart_smartcard_mode_nack_enable), (28 bytes).
    Removing gd32e23x_usart.o(.ARM.exidx.text.usart_smartcard_mode_nack_enable), (8 bytes).
    Removing gd32e23x_usart.o(.text.usart_smartcard_mode_nack_disable), (28 bytes).
    Removing gd32e23x_usart.o(.ARM.exidx.text.usart_smartcard_mode_nack_disable), (8 bytes).
    Removing gd32e23x_usart.o(.text.usart_smartcard_mode_early_nack_enable), (20 bytes).
    Removing gd32e23x_usart.o(.ARM.exidx.text.usart_smartcard_mode_early_nack_enable), (8 bytes).
    Removing gd32e23x_usart.o(.text.usart_smartcard_mode_early_nack_disable), (20 bytes).
    Removing gd32e23x_usart.o(.ARM.exidx.text.usart_smartcard_mode_early_nack_disable), (8 bytes).
    Removing gd32e23x_usart.o(.text.usart_smartcard_autoretry_config), (46 bytes).
    Removing gd32e23x_usart.o(.ARM.exidx.text.usart_smartcard_autoretry_config), (8 bytes).
    Removing gd32e23x_usart.o(.text.usart_block_length_config), (34 bytes).
    Removing gd32e23x_usart.o(.ARM.exidx.text.usart_block_length_config), (8 bytes).
    Removing gd32e23x_usart.o(.text.usart_irda_mode_enable), (28 bytes).
    Removing gd32e23x_usart.o(.ARM.exidx.text.usart_irda_mode_enable), (8 bytes).
    Removing gd32e23x_usart.o(.text.usart_irda_mode_disable), (28 bytes).
    Removing gd32e23x_usart.o(.ARM.exidx.text.usart_irda_mode_disable), (8 bytes).
    Removing gd32e23x_usart.o(.text.usart_prescaler_config), (40 bytes).
    Removing gd32e23x_usart.o(.ARM.exidx.text.usart_prescaler_config), (8 bytes).
    Removing gd32e23x_usart.o(.text.usart_irda_lowpower_config), (42 bytes).
    Removing gd32e23x_usart.o(.ARM.exidx.text.usart_irda_lowpower_config), (8 bytes).
    Removing gd32e23x_usart.o(.text.usart_hardware_flow_rts_config), (42 bytes).
    Removing gd32e23x_usart.o(.ARM.exidx.text.usart_hardware_flow_rts_config), (8 bytes).
    Removing gd32e23x_usart.o(.text.usart_hardware_flow_cts_config), (42 bytes).
    Removing gd32e23x_usart.o(.ARM.exidx.text.usart_hardware_flow_cts_config), (8 bytes).
    Removing gd32e23x_usart.o(.text.usart_hardware_flow_coherence_config), (34 bytes).
    Removing gd32e23x_usart.o(.ARM.exidx.text.usart_hardware_flow_coherence_config), (8 bytes).
    Removing gd32e23x_usart.o(.text.usart_rs485_driver_enable), (30 bytes).
    Removing gd32e23x_usart.o(.ARM.exidx.text.usart_rs485_driver_enable), (8 bytes).
    Removing gd32e23x_usart.o(.text.usart_rs485_driver_disable), (30 bytes).
    Removing gd32e23x_usart.o(.ARM.exidx.text.usart_rs485_driver_disable), (8 bytes).
    Removing gd32e23x_usart.o(.text.usart_driver_assertime_config), (46 bytes).
    Removing gd32e23x_usart.o(.ARM.exidx.text.usart_driver_assertime_config), (8 bytes).
    Removing gd32e23x_usart.o(.text.usart_driver_deassertime_config), (46 bytes).
    Removing gd32e23x_usart.o(.ARM.exidx.text.usart_driver_deassertime_config), (8 bytes).
    Removing gd32e23x_usart.o(.text.usart_depolarity_config), (44 bytes).
    Removing gd32e23x_usart.o(.ARM.exidx.text.usart_depolarity_config), (8 bytes).
    Removing gd32e23x_usart.o(.text.usart_dma_receive_config), (30 bytes).
    Removing gd32e23x_usart.o(.ARM.exidx.text.usart_dma_receive_config), (8 bytes).
    Removing gd32e23x_usart.o(.text.usart_dma_transmit_config), (30 bytes).
    Removing gd32e23x_usart.o(.ARM.exidx.text.usart_dma_transmit_config), (8 bytes).
    Removing gd32e23x_usart.o(.text.usart_reception_error_dma_disable), (30 bytes).
    Removing gd32e23x_usart.o(.ARM.exidx.text.usart_reception_error_dma_disable), (8 bytes).
    Removing gd32e23x_usart.o(.text.usart_reception_error_dma_enable), (30 bytes).
    Removing gd32e23x_usart.o(.ARM.exidx.text.usart_reception_error_dma_enable), (8 bytes).
    Removing gd32e23x_usart.o(.text.usart_wakeup_enable), (18 bytes).
    Removing gd32e23x_usart.o(.ARM.exidx.text.usart_wakeup_enable), (8 bytes).
    Removing gd32e23x_usart.o(.text.usart_wakeup_disable), (18 bytes).
    Removing gd32e23x_usart.o(.ARM.exidx.text.usart_wakeup_disable), (8 bytes).
    Removing gd32e23x_usart.o(.text.usart_wakeup_mode_config), (44 bytes).
    Removing gd32e23x_usart.o(.ARM.exidx.text.usart_wakeup_mode_config), (8 bytes).
    Removing gd32e23x_usart.o(.text.usart_receive_fifo_enable), (22 bytes).
    Removing gd32e23x_usart.o(.ARM.exidx.text.usart_receive_fifo_enable), (8 bytes).
    Removing gd32e23x_usart.o(.text.usart_receive_fifo_disable), (22 bytes).
    Removing gd32e23x_usart.o(.ARM.exidx.text.usart_receive_fifo_disable), (8 bytes).
    Removing gd32e23x_usart.o(.text.usart_receive_fifo_counter_number), (22 bytes).
    Removing gd32e23x_usart.o(.ARM.exidx.text.usart_receive_fifo_counter_number), (8 bytes).
    Removing gd32e23x_usart.o(.ARM.exidx.text.usart_flag_get), (8 bytes).
    Removing gd32e23x_usart.o(.text.usart_flag_clear), (30 bytes).
    Removing gd32e23x_usart.o(.ARM.exidx.text.usart_flag_clear), (8 bytes).
    Removing gd32e23x_usart.o(.ARM.exidx.text.usart_interrupt_enable), (8 bytes).
    Removing gd32e23x_usart.o(.text.usart_interrupt_disable), (34 bytes).
    Removing gd32e23x_usart.o(.ARM.exidx.text.usart_interrupt_disable), (8 bytes).
    Removing gd32e23x_usart.o(.text.usart_command_enable), (20 bytes).
    Removing gd32e23x_usart.o(.ARM.exidx.text.usart_command_enable), (8 bytes).
    Removing gd32e23x_usart.o(.ARM.exidx.text.usart_interrupt_flag_get), (8 bytes).
    Removing gd32e23x_usart.o(.text.usart_interrupt_flag_clear), (64 bytes).
    Removing gd32e23x_usart.o(.ARM.exidx.text.usart_interrupt_flag_clear), (8 bytes).
    Removing gd32e23x_wwdgt.o(.text), (0 bytes).
    Removing gd32e23x_wwdgt.o(.text.wwdgt_deinit), (28 bytes).
    Removing gd32e23x_wwdgt.o(.ARM.exidx.text.wwdgt_deinit), (8 bytes).
    Removing gd32e23x_wwdgt.o(.text.wwdgt_enable), (16 bytes).
    Removing gd32e23x_wwdgt.o(.ARM.exidx.text.wwdgt_enable), (8 bytes).
    Removing gd32e23x_wwdgt.o(.text.wwdgt_counter_update), (28 bytes).
    Removing gd32e23x_wwdgt.o(.ARM.exidx.text.wwdgt_counter_update), (8 bytes).
    Removing gd32e23x_wwdgt.o(.text.wwdgt_config), (52 bytes).
    Removing gd32e23x_wwdgt.o(.ARM.exidx.text.wwdgt_config), (8 bytes).
    Removing gd32e23x_wwdgt.o(.text.wwdgt_flag_get), (40 bytes).
    Removing gd32e23x_wwdgt.o(.ARM.exidx.text.wwdgt_flag_get), (8 bytes).
    Removing gd32e23x_wwdgt.o(.text.wwdgt_flag_clear), (16 bytes).
    Removing gd32e23x_wwdgt.o(.ARM.exidx.text.wwdgt_flag_clear), (8 bytes).
    Removing gd32e23x_wwdgt.o(.text.wwdgt_interrupt_enable), (20 bytes).
    Removing gd32e23x_wwdgt.o(.ARM.exidx.text.wwdgt_interrupt_enable), (8 bytes).
    Removing gd32e230g_start.o(.text), (0 bytes).
    Removing gd32e230g_start.o(.text.gd_eval_led_init), (108 bytes).
    Removing gd32e230g_start.o(.ARM.exidx.text.gd_eval_led_init), (8 bytes).
    Removing gd32e230g_start.o(.text.gd_eval_led_on), (36 bytes).
    Removing gd32e230g_start.o(.ARM.exidx.text.gd_eval_led_on), (8 bytes).
    Removing gd32e230g_start.o(.text.gd_eval_led_off), (36 bytes).
    Removing gd32e230g_start.o(.ARM.exidx.text.gd_eval_led_off), (8 bytes).
    Removing gd32e230g_start.o(.text.gd_eval_led_toggle), (36 bytes).
    Removing gd32e230g_start.o(.ARM.exidx.text.gd_eval_led_toggle), (8 bytes).
    Removing gd32e230g_start.o(.text.gd_eval_key_init), (172 bytes).
    Removing gd32e230g_start.o(.ARM.exidx.text.gd_eval_key_init), (8 bytes).
    Removing gd32e230g_start.o(.text.gd_eval_key_state_get), (40 bytes).
    Removing gd32e230g_start.o(.ARM.exidx.text.gd_eval_key_state_get), (8 bytes).
    Removing gd32e230g_start.o(.rodata.GPIO_CLK), (2 bytes).
    Removing gd32e230g_start.o(.rodata.GPIO_PORT), (4 bytes).
    Removing gd32e230g_start.o(.rodata.GPIO_PIN), (4 bytes).
    Removing gd32e230g_start.o(.rodata.KEY_CLK), (2 bytes).
    Removing gd32e230g_start.o(.rodata.KEY_PORT), (4 bytes).
    Removing gd32e230g_start.o(.rodata.KEY_PIN), (4 bytes).
    Removing gd32e230g_start.o(.rodata.KEY_IRQn), (1 bytes).
    Removing gd32e230g_start.o(.rodata.KEY_PORT_SOURCE), (1 bytes).
    Removing gd32e230g_start.o(.rodata.KEY_PIN_SOURCE), (1 bytes).
    Removing gd32e230g_start.o(.rodata.KEY_EXTI_LINE), (4 bytes).
    Removing startup_gd32e23x.o(HEAP), (1024 bytes).

1067 unused section(s) (total 32313 bytes) removed from the image.

==============================================================================

Image Symbol Table

    Local Symbols

    Symbol Name                              Value     Ov Type        Size  Object(Section)

    ../clib/division.s                       0x00000000   Number         0  aeabi_sdiv.o ABSOLUTE
    ../clib/division.s                       0x00000000   Number         0  aeabi_sdiv_div0.o ABSOLUTE
    ../clib/microlib/division.c              0x00000000   Number         0  uidiv.o ABSOLUTE
    ../clib/microlib/division.c              0x00000000   Number         0  uldiv.o ABSOLUTE
    ../clib/microlib/division.c              0x00000000   Number         0  uidiv_div0.o ABSOLUTE
    ../clib/microlib/division.c              0x00000000   Number         0  idiv_div0.o ABSOLUTE
    ../clib/microlib/division.c              0x00000000   Number         0  idiv0.o ABSOLUTE
    ../clib/microlib/init/entry.s            0x00000000   Number         0  entry.o ABSOLUTE
    ../clib/microlib/init/entry.s            0x00000000   Number         0  entry2.o ABSOLUTE
    ../clib/microlib/init/entry.s            0x00000000   Number         0  entry5.o ABSOLUTE
    ../clib/microlib/init/entry.s            0x00000000   Number         0  entry7a.o ABSOLUTE
    ../clib/microlib/init/entry.s            0x00000000   Number         0  entry7b.o ABSOLUTE
    ../clib/microlib/init/entry.s            0x00000000   Number         0  entry8a.o ABSOLUTE
    ../clib/microlib/init/entry.s            0x00000000   Number         0  entry8b.o ABSOLUTE
    ../clib/microlib/init/entry.s            0x00000000   Number         0  entry9a.o ABSOLUTE
    ../clib/microlib/init/entry.s            0x00000000   Number         0  entry9b.o ABSOLUTE
    ../clib/microlib/init/entry.s            0x00000000   Number         0  entry10a.o ABSOLUTE
    ../clib/microlib/init/entry.s            0x00000000   Number         0  entry10b.o ABSOLUTE
    ../clib/microlib/init/entry.s            0x00000000   Number         0  entry11a.o ABSOLUTE
    ../clib/microlib/init/entry.s            0x00000000   Number         0  entry11b.o ABSOLUTE
    ../clib/microlib/longlong.c              0x00000000   Number         0  llshl.o ABSOLUTE
    ../clib/microlib/longlong.c              0x00000000   Number         0  llushr.o ABSOLUTE
    ../clib/microlib/longlong.c              0x00000000   Number         0  llsshr.o ABSOLUTE
    ../clib/microlib/printf/printf.c         0x00000000   Number         0  printfa.o ABSOLUTE
    ../clib/microlib/stdio/fflush.c          0x00000000   Number         0  fflush.o ABSOLUTE
    ../clib/microlib/stdio/streams.c         0x00000000   Number         0  stdout.o ABSOLUTE
    ../clib/microlib/string/strcat.c         0x00000000   Number         0  strcat.o ABSOLUTE
    ../clib/microlib/string/strcmp.c         0x00000000   Number         0  strcmp.o ABSOLUTE
    ../clib/microlib/string/strcpy.c         0x00000000   Number         0  strcpy.o ABSOLUTE
    ../clib/microlib/string/strlen.c         0x00000000   Number         0  strlen.o ABSOLUTE
    ../clib/microlib/string/strncmp.c        0x00000000   Number         0  strncmp.o ABSOLUTE
    ../clib/microlib/string/strncpy.c        0x00000000   Number         0  strncpy.o ABSOLUTE
    ../clib/microlib/stubs.s                 0x00000000   Number         0  iusefp.o ABSOLUTE
    ../fplib/microlib/fpadd.c                0x00000000   Number         0  dadd.o ABSOLUTE
    ../fplib/microlib/fpdiv.c                0x00000000   Number         0  ddiv.o ABSOLUTE
    ../fplib/microlib/fpepilogue.c           0x00000000   Number         0  depilogue.o ABSOLUTE
    ../fplib/microlib/fpfix.c                0x00000000   Number         0  dfixul.o ABSOLUTE
    ../fplib/microlib/fpmul.c                0x00000000   Number         0  dmul.o ABSOLUTE
    ..\..\..\..\GD32E23x_Firmware_Library\CMSIS\GD\GD32E23x\Source\ARM\startup_gd32e23x.s 0x00000000   Number         0  startup_gd32e23x.o ABSOLUTE
    cdrcmple.s                               0x00000000   Number         0  cdrcmple.o ABSOLUTE
    cli.c                                    0x00000000   Number         0  cli.o ABSOLUTE
    cli_cmd.c                                0x00000000   Number         0  cli_cmd.o ABSOLUTE
    console.c                                0x00000000   Number         0  console.o ABSOLUTE
    dc.s                                     0x00000000   Number         0  dc.o ABSOLUTE
    fifo.c                                   0x00000000   Number         0  fifo.o ABSOLUTE
    gd32e230g_start.c                        0x00000000   Number         0  gd32e230g_start.o ABSOLUTE
    gd32e23x_adc.c                           0x00000000   Number         0  gd32e23x_adc.o ABSOLUTE
    gd32e23x_cmp.c                           0x00000000   Number         0  gd32e23x_cmp.o ABSOLUTE
    gd32e23x_crc.c                           0x00000000   Number         0  gd32e23x_crc.o ABSOLUTE
    gd32e23x_dbg.c                           0x00000000   Number         0  gd32e23x_dbg.o ABSOLUTE
    gd32e23x_dma.c                           0x00000000   Number         0  gd32e23x_dma.o ABSOLUTE
    gd32e23x_exti.c                          0x00000000   Number         0  gd32e23x_exti.o ABSOLUTE
    gd32e23x_fmc.c                           0x00000000   Number         0  gd32e23x_fmc.o ABSOLUTE
    gd32e23x_fwdgt.c                         0x00000000   Number         0  gd32e23x_fwdgt.o ABSOLUTE
    gd32e23x_gpio.c                          0x00000000   Number         0  gd32e23x_gpio.o ABSOLUTE
    gd32e23x_i2c.c                           0x00000000   Number         0  gd32e23x_i2c.o ABSOLUTE
    gd32e23x_it.c                            0x00000000   Number         0  gd32e23x_it.o ABSOLUTE
    gd32e23x_misc.c                          0x00000000   Number         0  gd32e23x_misc.o ABSOLUTE
    gd32e23x_pmu.c                           0x00000000   Number         0  gd32e23x_pmu.o ABSOLUTE
    gd32e23x_rcu.c                           0x00000000   Number         0  gd32e23x_rcu.o ABSOLUTE
    gd32e23x_rtc.c                           0x00000000   Number         0  gd32e23x_rtc.o ABSOLUTE
    gd32e23x_spi.c                           0x00000000   Number         0  gd32e23x_spi.o ABSOLUTE
    gd32e23x_syscfg.c                        0x00000000   Number         0  gd32e23x_syscfg.o ABSOLUTE
    gd32e23x_timer.c                         0x00000000   Number         0  gd32e23x_timer.o ABSOLUTE
    gd32e23x_usart.c                         0x00000000   Number         0  gd32e23x_usart.o ABSOLUTE
    gd32e23x_wwdgt.c                         0x00000000   Number         0  gd32e23x_wwdgt.o ABSOLUTE
    handlers.s                               0x00000000   Number         0  handlers.o ABSOLUTE
    init.s                                   0x00000000   Number         0  init.o ABSOLUTE
    main.c                                   0x00000000   Number         0  main.o ABSOLUTE
    relay.c                                  0x00000000   Number         0  relay.o ABSOLUTE
    system_gd32e23x.c                        0x00000000   Number         0  system_gd32e23x.o ABSOLUTE
    systick.c                                0x00000000   Number         0  systick.o ABSOLUTE
    uart_driver.c                            0x00000000   Number         0  uart_driver.o ABSOLUTE
    RESET                                    0x08000000   Section      204  startup_gd32e23x.o(RESET)
    .ARM.Collect$$$$00000000                 0x080000cc   Section        0  entry.o(.ARM.Collect$$$$00000000)
    .ARM.Collect$$$$00000001                 0x080000cc   Section        4  entry2.o(.ARM.Collect$$$$00000001)
    .ARM.Collect$$$$00000004                 0x080000d0   Section        4  entry5.o(.ARM.Collect$$$$00000004)
    .ARM.Collect$$$$00000008                 0x080000d4   Section        0  entry7b.o(.ARM.Collect$$$$00000008)
    .ARM.Collect$$$$0000000A                 0x080000d4   Section        0  entry8b.o(.ARM.Collect$$$$0000000A)
    .ARM.Collect$$$$0000000B                 0x080000d4   Section        8  entry9a.o(.ARM.Collect$$$$0000000B)
    __lit__00000000                          0x080000dc   Data           4  entry2.o(.ARM.Collect$$$$00002712)
    .ARM.Collect$$$$0000000D                 0x080000dc   Section        0  entry10a.o(.ARM.Collect$$$$0000000D)
    .ARM.Collect$$$$0000000F                 0x080000dc   Section        0  entry11a.o(.ARM.Collect$$$$0000000F)
    .ARM.Collect$$$$00002712                 0x080000dc   Section        4  entry2.o(.ARM.Collect$$$$00002712)
    .text                                    0x080000e0   Section       28  startup_gd32e23x.o(.text)
    .text                                    0x080000fc   Section        0  strcat.o(.text)
    .text                                    0x08000114   Section        0  strncpy.o(.text)
    .text                                    0x0800012e   Section        0  strlen.o(.text)
    .text                                    0x0800013c   Section        0  strcmp.o(.text)
    .text                                    0x08000158   Section        0  strcpy.o(.text)
    .text                                    0x0800016a   Section        0  strncmp.o(.text)
    .text                                    0x08000188   Section        0  uldiv.o(.text)
    .text                                    0x080001e8   Section        0  iusefp.o(.text)
    .text                                    0x080001e8   Section        0  dadd.o(.text)
    .text                                    0x0800034c   Section        0  dmul.o(.text)
    .text                                    0x0800041c   Section        0  ddiv.o(.text)
    .text                                    0x0800050c   Section        0  dfixul.o(.text)
    .text                                    0x0800054c   Section       40  cdrcmple.o(.text)
    .text                                    0x08000574   Section       36  init.o(.text)
    .text                                    0x08000598   Section        0  uidiv_div0.o(.text)
    .text                                    0x080005d6   Section        0  llshl.o(.text)
    .text                                    0x080005f6   Section        0  llushr.o(.text)
    .text                                    0x08000618   Section        0  llsshr.o(.text)
    .text                                    0x0800063e   Section        0  depilogue.o(.text)
    [Anonymous Symbol]                       0x080006fc   Section        0  console.o(.text.AddHistory)
    __arm_cp.6_0                             0x080007dc   Number         4  console.o(.text.AddHistory)
    __arm_cp.6_1                             0x080007e0   Number         4  console.o(.text.AddHistory)
    __arm_cp.6_2                             0x080007e4   Number         4  console.o(.text.AddHistory)
    [Anonymous Symbol]                       0x080007e8   Section        0  console.o(.text.ConsoleWrite)
    __arm_cp.3_0                             0x08000870   Number         4  console.o(.text.ConsoleWrite)
    [Anonymous Symbol]                       0x08000874   Section        0  fifo.o(.text.FIFO_Count)
    [Anonymous Symbol]                       0x0800089a   Section        0  fifo.o(.text.FIFO_Empty)
    FIFO_Full                                0x080008c5   Thumb Code    48  fifo.o(.text.FIFO_Full)
    [Anonymous Symbol]                       0x080008c4   Section        0  fifo.o(.text.FIFO_Full)
    [Anonymous Symbol]                       0x080008f4   Section        0  fifo.o(.text.FIFO_Get)
    [Anonymous Symbol]                       0x08000940   Section        0  fifo.o(.text.FIFO_Init)
    [Anonymous Symbol]                       0x0800096a   Section        0  fifo.o(.text.FIFO_Put)
    [Anonymous Symbol]                       0x080009c0   Section        0  console.o(.text.GetCliData)
    __arm_cp.4_25                            0x08000db8   Number         4  console.o(.text.GetCliData)
    __arm_cp.4_26                            0x08000dbc   Number         4  console.o(.text.GetCliData)
    __arm_cp.4_27                            0x08000dc0   Number         4  console.o(.text.GetCliData)
    __arm_cp.4_28                            0x08000dc4   Number         4  console.o(.text.GetCliData)
    __arm_cp.4_0                             0x0800103c   Number         4  console.o(.text.GetCliData)
    __arm_cp.4_5                             0x08001040   Number         4  console.o(.text.GetCliData)
    __arm_cp.4_6                             0x08001044   Number         4  console.o(.text.GetCliData)
    __arm_cp.4_7                             0x08001048   Number         4  console.o(.text.GetCliData)
    __arm_cp.4_8                             0x0800104c   Number         4  console.o(.text.GetCliData)
    __arm_cp.4_9                             0x08001050   Number         4  console.o(.text.GetCliData)
    __arm_cp.4_10                            0x08001054   Number         4  console.o(.text.GetCliData)
    __arm_cp.4_11                            0x08001058   Number         4  console.o(.text.GetCliData)
    __arm_cp.4_12                            0x0800105c   Number         4  console.o(.text.GetCliData)
    __arm_cp.4_13                            0x08001060   Number         4  console.o(.text.GetCliData)
    __arm_cp.4_14                            0x08001064   Number         4  console.o(.text.GetCliData)
    __arm_cp.4_15                            0x08001068   Number         4  console.o(.text.GetCliData)
    __arm_cp.4_16                            0x0800106c   Number         4  console.o(.text.GetCliData)
    __arm_cp.4_17                            0x08001070   Number         4  console.o(.text.GetCliData)
    __arm_cp.4_18                            0x08001074   Number         4  console.o(.text.GetCliData)
    __arm_cp.4_19                            0x08001078   Number         4  console.o(.text.GetCliData)
    __arm_cp.4_20                            0x0800107c   Number         4  console.o(.text.GetCliData)
    __arm_cp.4_21                            0x08001080   Number         4  console.o(.text.GetCliData)
    [Anonymous Symbol]                       0x08001084   Section        0  console.o(.text.GetHistoryNext)
    [Anonymous Symbol]                       0x080010e8   Section        0  console.o(.text.GetHistoryPrevious)
    __arm_cp.8_0                             0x08001130   Number         4  console.o(.text.GetHistoryPrevious)
    __arm_cp.8_1                             0x08001134   Number         4  console.o(.text.GetHistoryPrevious)
    __arm_cp.8_2                             0x08001138   Number         4  console.o(.text.GetHistoryPrevious)
    [Anonymous Symbol]                       0x0800113c   Section        0  gd32e23x_it.o(.text.HardFault_Handler)
    [Anonymous Symbol]                       0x08001140   Section        0  console.o(.text.InitConsole)
    __arm_cp.2_1                             0x08001194   Number         4  console.o(.text.InitConsole)
    __arm_cp.2_2                             0x08001198   Number         4  console.o(.text.InitConsole)
    __arm_cp.2_3                             0x0800119c   Number         4  console.o(.text.InitConsole)
    __arm_cp.2_4                             0x080011a0   Number         4  console.o(.text.InitConsole)
    __arm_cp.2_5                             0x080011a4   Number         4  console.o(.text.InitConsole)
    __arm_cp.2_6                             0x080011a8   Number         4  console.o(.text.InitConsole)
    __arm_cp.2_7                             0x080011ac   Number         4  console.o(.text.InitConsole)
    __arm_cp.2_8                             0x080011b0   Number         4  console.o(.text.InitConsole)
    __arm_cp.2_9                             0x080011b4   Number         4  console.o(.text.InitConsole)
    __arm_cp.2_10                            0x080011b8   Number         4  console.o(.text.InitConsole)
    [Anonymous Symbol]                       0x080011bc   Section        0  gd32e23x_it.o(.text.NMI_Handler)
    [Anonymous Symbol]                       0x080011c0   Section        0  console.o(.text.Parse)
    __arm_cp.10_0                            0x0800135c   Number         4  console.o(.text.Parse)
    __arm_cp.10_1                            0x08001360   Number         4  console.o(.text.Parse)
    [Anonymous Symbol]                       0x08001364   Section        0  gd32e23x_it.o(.text.PendSV_Handler)
    [Anonymous Symbol]                       0x08001368   Section        0  relay.o(.text.Relay_task)
    __arm_cp.0_0                             0x08001474   Number         4  relay.o(.text.Relay_task)
    __arm_cp.0_1                             0x08001478   Number         4  relay.o(.text.Relay_task)
    __arm_cp.0_2                             0x0800147c   Number         4  relay.o(.text.Relay_task)
    [Anonymous Symbol]                       0x08001480   Section        0  gd32e23x_it.o(.text.SVC_Handler)
    [Anonymous Symbol]                       0x08001484   Section        0  console.o(.text.SendChar)
    __arm_cp.1_0                             0x08001498   Number         4  console.o(.text.SendChar)
    [Anonymous Symbol]                       0x0800149c   Section        0  console.o(.text.Shell)
    __arm_cp.7_0                             0x0800155c   Number         4  console.o(.text.Shell)
    __arm_cp.7_1                             0x08001560   Number         4  console.o(.text.Shell)
    __arm_cp.7_2                             0x08001564   Number         4  console.o(.text.Shell)
    __arm_cp.7_3                             0x08001568   Number         4  console.o(.text.Shell)
    __arm_cp.7_4                             0x0800156c   Number         4  console.o(.text.Shell)
    SysTick_Config                           0x08001571   Thumb Code    64  systick.o(.text.SysTick_Config)
    [Anonymous Symbol]                       0x08001570   Section        0  systick.o(.text.SysTick_Config)
    __arm_cp.1_0                             0x080015b0   Number         4  systick.o(.text.SysTick_Config)
    __arm_cp.1_1                             0x080015b4   Number         4  systick.o(.text.SysTick_Config)
    __arm_cp.1_2                             0x080015b8   Number         4  systick.o(.text.SysTick_Config)
    [Anonymous Symbol]                       0x080015bc   Section        0  gd32e23x_it.o(.text.SysTick_Handler)
    [Anonymous Symbol]                       0x080015c4   Section        0  system_gd32e23x.o(.text.SystemInit)
    __arm_cp.0_0                             0x0800169c   Number         4  system_gd32e23x.o(.text.SystemInit)
    __arm_cp.0_1                             0x080016a0   Number         4  system_gd32e23x.o(.text.SystemInit)
    __arm_cp.0_2                             0x080016a4   Number         4  system_gd32e23x.o(.text.SystemInit)
    __arm_cp.0_3                             0x080016a8   Number         4  system_gd32e23x.o(.text.SystemInit)
    __arm_cp.0_4                             0x080016ac   Number         4  system_gd32e23x.o(.text.SystemInit)
    __arm_cp.0_5                             0x080016b0   Number         4  system_gd32e23x.o(.text.SystemInit)
    __arm_cp.0_6                             0x080016b4   Number         4  system_gd32e23x.o(.text.SystemInit)
    __arm_cp.0_7                             0x080016b8   Number         4  system_gd32e23x.o(.text.SystemInit)
    __arm_cp.0_8                             0x080016bc   Number         4  system_gd32e23x.o(.text.SystemInit)
    [Anonymous Symbol]                       0x080016c0   Section        0  main.o(.text.USART1_IRQHandler)
    __arm_cp.5_1                             0x080016e0   Number         4  main.o(.text.USART1_IRQHandler)
    __arm_cp.5_2                             0x080016e4   Number         4  main.o(.text.USART1_IRQHandler)
    [Anonymous Symbol]                       0x080016e8   Section        0  uart_driver.o(.text.Uart_Transmit)
    __arm_cp.0_1                             0x08001714   Number         4  uart_driver.o(.text.Uart_Transmit)
    __NVIC_EnableIRQ                         0x08001719   Thumb Code    48  gd32e23x_misc.o(.text.__NVIC_EnableIRQ)
    [Anonymous Symbol]                       0x08001718   Section        0  gd32e23x_misc.o(.text.__NVIC_EnableIRQ)
    __arm_cp.2_0                             0x08001748   Number         4  gd32e23x_misc.o(.text.__NVIC_EnableIRQ)
    __NVIC_SetPriority                       0x0800174d   Thumb Code   124  systick.o(.text.__NVIC_SetPriority)
    [Anonymous Symbol]                       0x0800174c   Section        0  systick.o(.text.__NVIC_SetPriority)
    __NVIC_SetPriority                       0x080017c9   Thumb Code   124  gd32e23x_misc.o(.text.__NVIC_SetPriority)
    [Anonymous Symbol]                       0x080017c8   Section        0  gd32e23x_misc.o(.text.__NVIC_SetPriority)
    __arm_cp.1_0                             0x08001844   Number         4  gd32e23x_misc.o(.text.__NVIC_SetPriority)
    __arm_cp.1_1                             0x08001848   Number         4  gd32e23x_misc.o(.text.__NVIC_SetPriority)
    [Anonymous Symbol]                       0x0800184c   Section        0  cli.o(.text.cliDebugParam)
    [Anonymous Symbol]                       0x0800185a   Section        0  cli.o(.text.cliGetSwInfo)
    [Anonymous Symbol]                       0x08001868   Section        0  cli.o(.text.cliInfo)
    [Anonymous Symbol]                       0x08001876   Section        0  cli.o(.text.cliReset)
    [Anonymous Symbol]                       0x08001884   Section        0  main.o(.text.com_gpio_init)
    __arm_cp.2_0                             0x0800190c   Number         4  main.o(.text.com_gpio_init)
    [Anonymous Symbol]                       0x08001910   Section        0  main.o(.text.com_usart_init)
    __arm_cp.3_0                             0x08001960   Number         4  main.o(.text.com_usart_init)
    __arm_cp.3_1                             0x08001964   Number         4  main.o(.text.com_usart_init)
    [Anonymous Symbol]                       0x08001968   Section        0  systick.o(.text.delay_decrement)
    __arm_cp.4_0                             0x0800197c   Number         4  systick.o(.text.delay_decrement)
    [Anonymous Symbol]                       0x08001980   Section        0  console.o(.text.fputc)
    [Anonymous Symbol]                       0x08001994   Section        0  gd32e23x_gpio.o(.text.gpio_af_set)
    [Anonymous Symbol]                       0x08001a54   Section        0  gd32e23x_gpio.o(.text.gpio_bit_reset)
    [Anonymous Symbol]                       0x08001a64   Section        0  gd32e23x_gpio.o(.text.gpio_bit_toggle)
    [Anonymous Symbol]                       0x08001a74   Section        0  gd32e23x_gpio.o(.text.gpio_mode_set)
    [Anonymous Symbol]                       0x08001b02   Section        0  gd32e23x_gpio.o(.text.gpio_output_bit_get)
    [Anonymous Symbol]                       0x08001b2c   Section        0  gd32e23x_gpio.o(.text.gpio_output_options_set)
    [Anonymous Symbol]                       0x08001bb8   Section        0  cli.o(.text.helpCmdList)
    __arm_cp.0_0                             0x08001c64   Number         4  cli.o(.text.helpCmdList)
    __arm_cp.0_1                             0x08001c68   Number         4  cli.o(.text.helpCmdList)
    __arm_cp.0_2                             0x08001c6c   Number         4  cli.o(.text.helpCmdList)
    __arm_cp.0_3                             0x08001c70   Number         4  cli.o(.text.helpCmdList)
    __arm_cp.0_4                             0x08001c74   Number         4  cli.o(.text.helpCmdList)
    [Anonymous Symbol]                       0x08001c78   Section        0  main.o(.text.main)
    __arm_cp.0_0                             0x08001cb8   Number         4  main.o(.text.main)
    [Anonymous Symbol]                       0x08001cbc   Section        0  gd32e23x_misc.o(.text.nvic_irq_enable)
    [Anonymous Symbol]                       0x08001ce8   Section        0  gd32e23x_misc.o(.text.nvic_vector_table_set)
    __arm_cp.7_0                             0x08001d04   Number         4  gd32e23x_misc.o(.text.nvic_vector_table_set)
    __arm_cp.7_1                             0x08001d08   Number         4  gd32e23x_misc.o(.text.nvic_vector_table_set)
    [Anonymous Symbol]                       0x08001d0c   Section        0  gd32e23x_rcu.o(.text.rcu_clock_freq_get)
    __arm_cp.33_0                            0x08001fe0   Number         4  gd32e23x_rcu.o(.text.rcu_clock_freq_get)
    __arm_cp.33_1                            0x08001fe4   Number         4  gd32e23x_rcu.o(.text.rcu_clock_freq_get)
    __arm_cp.33_2                            0x08001fe8   Number         4  gd32e23x_rcu.o(.text.rcu_clock_freq_get)
    __arm_cp.33_3                            0x08001fec   Number         4  gd32e23x_rcu.o(.text.rcu_clock_freq_get)
    __arm_cp.33_4                            0x08001ff0   Number         4  gd32e23x_rcu.o(.text.rcu_clock_freq_get)
    __arm_cp.33_5                            0x08001ff4   Number         4  gd32e23x_rcu.o(.text.rcu_clock_freq_get)
    __arm_cp.33_6                            0x08001ff8   Number         4  gd32e23x_rcu.o(.text.rcu_clock_freq_get)
    __arm_cp.33_7                            0x08001ffc   Number         4  gd32e23x_rcu.o(.text.rcu_clock_freq_get)
    __arm_cp.33_8                            0x08002000   Number         4  gd32e23x_rcu.o(.text.rcu_clock_freq_get)
    [Anonymous Symbol]                       0x08002004   Section        0  gd32e23x_rcu.o(.text.rcu_periph_clock_enable)
    [Anonymous Symbol]                       0x08002028   Section        0  gd32e23x_rcu.o(.text.rcu_periph_reset_disable)
    [Anonymous Symbol]                       0x0800204c   Section        0  gd32e23x_rcu.o(.text.rcu_periph_reset_enable)
    [Anonymous Symbol]                       0x08002070   Section        0  relay.o(.text.relay_fault)
    __arm_cp.1_0                             0x080020dc   Number         4  relay.o(.text.relay_fault)
    __arm_cp.1_1                             0x080020e0   Number         4  relay.o(.text.relay_fault)
    [Anonymous Symbol]                       0x080020e4   Section        0  console.o(.text.searchCliCmd)
    __arm_cp.5_0                             0x08002198   Number         4  console.o(.text.searchCliCmd)
    __arm_cp.5_1                             0x0800219c   Number         4  console.o(.text.searchCliCmd)
    __arm_cp.5_2                             0x080021a0   Number         4  console.o(.text.searchCliCmd)
    [Anonymous Symbol]                       0x080021a4   Section        0  cli.o(.text.statusRelay)
    __arm_cp.5_0                             0x080021d8   Number         4  cli.o(.text.statusRelay)
    __arm_cp.5_1                             0x080021dc   Number         4  cli.o(.text.statusRelay)
    system_clock_72m_irc8m                   0x080021e1   Thumb Code   204  system_gd32e23x.o(.text.system_clock_72m_irc8m)
    [Anonymous Symbol]                       0x080021e0   Section        0  system_gd32e23x.o(.text.system_clock_72m_irc8m)
    __arm_cp.3_0                             0x080022ac   Number         4  system_gd32e23x.o(.text.system_clock_72m_irc8m)
    __arm_cp.3_1                             0x080022b0   Number         4  system_gd32e23x.o(.text.system_clock_72m_irc8m)
    __arm_cp.3_2                             0x080022b4   Number         4  system_gd32e23x.o(.text.system_clock_72m_irc8m)
    __arm_cp.3_3                             0x080022b8   Number         4  system_gd32e23x.o(.text.system_clock_72m_irc8m)
    __arm_cp.3_4                             0x080022bc   Number         4  system_gd32e23x.o(.text.system_clock_72m_irc8m)
    system_clock_config                      0x080022c1   Thumb Code     8  system_gd32e23x.o(.text.system_clock_config)
    [Anonymous Symbol]                       0x080022c0   Section        0  system_gd32e23x.o(.text.system_clock_config)
    [Anonymous Symbol]                       0x080022c8   Section        0  systick.o(.text.systick_config)
    __arm_cp.0_0                             0x080022ec   Number         4  systick.o(.text.systick_config)
    [Anonymous Symbol]                       0x080022f0   Section        0  gd32e23x_timer.o(.text.timer_auto_reload_shadow_enable)
    [Anonymous Symbol]                       0x08002304   Section        0  gd32e23x_timer.o(.text.timer_channel_output_config)
    __arm_cp.42_0                            0x080025e8   Number         4  gd32e23x_timer.o(.text.timer_channel_output_config)
    __arm_cp.42_1                            0x080025ec   Number         4  gd32e23x_timer.o(.text.timer_channel_output_config)
    __arm_cp.42_2                            0x080025f0   Number         4  gd32e23x_timer.o(.text.timer_channel_output_config)
    __arm_cp.42_3                            0x080025f4   Number         4  gd32e23x_timer.o(.text.timer_channel_output_config)
    [Anonymous Symbol]                       0x080025f8   Section        0  gd32e23x_timer.o(.text.timer_channel_output_mode_config)
    [Anonymous Symbol]                       0x08002698   Section        0  gd32e23x_timer.o(.text.timer_channel_output_pulse_value_config)
    [Anonymous Symbol]                       0x080026ec   Section        0  gd32e23x_timer.o(.text.timer_channel_output_shadow_config)
    [Anonymous Symbol]                       0x0800278c   Section        0  main.o(.text.timer_config)
    __arm_cp.1_0                             0x0800280c   Number         4  main.o(.text.timer_config)
    __arm_cp.1_1                             0x08002810   Number         4  main.o(.text.timer_config)
    [Anonymous Symbol]                       0x08002814   Section        0  gd32e23x_timer.o(.text.timer_deinit)
    __arm_cp.0_1                             0x080028dc   Number         4  gd32e23x_timer.o(.text.timer_deinit)
    __arm_cp.0_3                             0x080028e0   Number         4  gd32e23x_timer.o(.text.timer_deinit)
    __arm_cp.0_7                             0x080028e4   Number         4  gd32e23x_timer.o(.text.timer_deinit)
    __arm_cp.0_8                             0x080028e8   Number         4  gd32e23x_timer.o(.text.timer_deinit)
    __arm_cp.0_9                             0x080028ec   Number         4  gd32e23x_timer.o(.text.timer_deinit)
    __arm_cp.0_10                            0x080028f0   Number         4  gd32e23x_timer.o(.text.timer_deinit)
    __arm_cp.0_11                            0x080028f4   Number         4  gd32e23x_timer.o(.text.timer_deinit)
    [Anonymous Symbol]                       0x080028f8   Section        0  gd32e23x_timer.o(.text.timer_enable)
    [Anonymous Symbol]                       0x0800290c   Section        0  gd32e23x_timer.o(.text.timer_init)
    __arm_cp.2_0                             0x080029f0   Number         4  gd32e23x_timer.o(.text.timer_init)
    __arm_cp.2_1                             0x080029f4   Number         4  gd32e23x_timer.o(.text.timer_init)
    __arm_cp.2_2                             0x080029f8   Number         4  gd32e23x_timer.o(.text.timer_init)
    __arm_cp.2_3                             0x080029fc   Number         4  gd32e23x_timer.o(.text.timer_init)
    __arm_cp.2_4                             0x08002a00   Number         4  gd32e23x_timer.o(.text.timer_init)
    __arm_cp.2_5                             0x08002a04   Number         4  gd32e23x_timer.o(.text.timer_init)
    [Anonymous Symbol]                       0x08002a08   Section        0  gd32e23x_timer.o(.text.timer_primary_output_config)
    [Anonymous Symbol]                       0x08002a38   Section        0  gd32e23x_usart.o(.text.usart_baudrate_set)
    __arm_cp.1_2                             0x08002ae4   Number         4  gd32e23x_usart.o(.text.usart_baudrate_set)
    [Anonymous Symbol]                       0x08002ae8   Section        0  gd32e23x_usart.o(.text.usart_data_receive)
    [Anonymous Symbol]                       0x08002af8   Section        0  gd32e23x_usart.o(.text.usart_data_transmit)
    __arm_cp.18_0                            0x08002b0c   Number         4  gd32e23x_usart.o(.text.usart_data_transmit)
    [Anonymous Symbol]                       0x08002b10   Section        0  gd32e23x_usart.o(.text.usart_deinit)
    __arm_cp.0_0                             0x08002b54   Number         4  gd32e23x_usart.o(.text.usart_deinit)
    __arm_cp.0_1                             0x08002b58   Number         4  gd32e23x_usart.o(.text.usart_deinit)
    __arm_cp.0_2                             0x08002b5c   Number         4  gd32e23x_usart.o(.text.usart_deinit)
    __arm_cp.0_3                             0x08002b60   Number         4  gd32e23x_usart.o(.text.usart_deinit)
    [Anonymous Symbol]                       0x08002b64   Section        0  gd32e23x_usart.o(.text.usart_enable)
    [Anonymous Symbol]                       0x08002b76   Section        0  gd32e23x_usart.o(.text.usart_flag_get)
    [Anonymous Symbol]                       0x08002bb2   Section        0  gd32e23x_usart.o(.text.usart_interrupt_enable)
    [Anonymous Symbol]                       0x08002bd4   Section        0  gd32e23x_usart.o(.text.usart_interrupt_flag_get)
    [Anonymous Symbol]                       0x08002c36   Section        0  gd32e23x_usart.o(.text.usart_parity_config)
    [Anonymous Symbol]                       0x08002c60   Section        0  gd32e23x_usart.o(.text.usart_receive_config)
    [Anonymous Symbol]                       0x08002c7e   Section        0  gd32e23x_usart.o(.text.usart_stop_bit_set)
    [Anonymous Symbol]                       0x08002ca8   Section        0  gd32e23x_usart.o(.text.usart_transmit_config)
    [Anonymous Symbol]                       0x08002cc6   Section        0  gd32e23x_usart.o(.text.usart_word_length_set)
    i.__0printf                              0x08002cf0   Section        0  printfa.o(i.__0printf)
    i.__ARM_clz                              0x08002d10   Section        0  depilogue.o(i.__ARM_clz)
    i.__scatterload_copy                     0x08002d3e   Section       14  handlers.o(i.__scatterload_copy)
    i.__scatterload_null                     0x08002d4c   Section        2  handlers.o(i.__scatterload_null)
    i.__scatterload_zeroinit                 0x08002d4e   Section       14  handlers.o(i.__scatterload_zeroinit)
    _fp_digits                               0x08002d5d   Thumb Code   344  printfa.o(i._fp_digits)
    i._fp_digits                             0x08002d5c   Section        0  printfa.o(i._fp_digits)
    _printf_core                             0x08002ed1   Thumb Code  1754  printfa.o(i._printf_core)
    i._printf_core                           0x08002ed0   Section        0  printfa.o(i._printf_core)
    _printf_post_padding                     0x080035bd   Thumb Code    32  printfa.o(i._printf_post_padding)
    i._printf_post_padding                   0x080035bc   Section        0  printfa.o(i._printf_post_padding)
    _printf_pre_padding                      0x080035dd   Thumb Code    44  printfa.o(i._printf_pre_padding)
    i._printf_pre_padding                    0x080035dc   Section        0  printfa.o(i._printf_pre_padding)
    [Anonymous Symbol]                       0x08003647   Section        0  cli.o(.rodata.str1.1)
    [Anonymous Symbol]                       0x08003687   Section        0  cli_cmd.o(.rodata.str1.1)
    [Anonymous Symbol]                       0x080036a6   Section        0  console.o(.rodata.str1.1)
    .data                                    0x20000000   Section        4  stdout.o(.data)
    ConsoleRxBuffer                          0x2000004e   Data         256  console.o(.bss.ConsoleRxBuffer)
    [Anonymous Symbol]                       0x2000004e   Section        0  console.o(.bss.ConsoleRxBuffer)
    ConsoleTxBuffer                          0x2000014e   Data        1024  console.o(.bss.ConsoleTxBuffer)
    [Anonymous Symbol]                       0x2000014e   Section        0  console.o(.bss.ConsoleTxBuffer)
    GetCliData.i                             0x20000550   Data           4  console.o(.bss.GetCliData.i)
    [Anonymous Symbol]                       0x20000550   Section        0  console.o(.bss.GetCliData.i)
    GetCliData.insert                        0x20000554   Data           4  console.o(.bss.GetCliData.insert)
    [Anonymous Symbol]                       0x20000554   Section        0  console.o(.bss.GetCliData.insert)
    GetCliData.length                        0x20000558   Data           4  console.o(.bss.GetCliData.length)
    [Anonymous Symbol]                       0x20000558   Section        0  console.o(.bss.GetCliData.length)
    GetCliData.pbuffer                       0x2000055c   Data           4  console.o(.bss.GetCliData.pbuffer)
    [Anonymous Symbol]                       0x2000055c   Section        0  console.o(.bss.GetCliData.pbuffer)
    GetCliData.state                         0x20000560   Data           1  console.o(.bss.GetCliData.state)
    [Anonymous Symbol]                       0x20000560   Section        0  console.o(.bss.GetCliData.state)
    Hist                                     0x20000561   Data         480  console.o(.bss.Hist)
    [Anonymous Symbol]                       0x20000561   Section        0  console.o(.bss.Hist)
    HistoryIndex                             0x20000741   Data           1  console.o(.bss.HistoryIndex)
    [Anonymous Symbol]                       0x20000741   Section        0  console.o(.bss.HistoryIndex)
    PrevHistoryIndex                         0x20000742   Data           1  console.o(.bss.PrevHistoryIndex)
    [Anonymous Symbol]                       0x20000742   Section        0  console.o(.bss.PrevHistoryIndex)
    Relay_task.state                         0x20000748   Data           1  relay.o(.bss.Relay_task.state)
    [Anonymous Symbol]                       0x20000748   Section        0  relay.o(.bss.Relay_task.state)
    Shell.ptr3                               0x2000074c   Data           4  console.o(.bss.Shell.ptr3)
    [Anonymous Symbol]                       0x2000074c   Section        0  console.o(.bss.Shell.ptr3)
    argv                                     0x20000768   Data          40  console.o(.bss.argv)
    [Anonymous Symbol]                       0x20000768   Section        0  console.o(.bss.argv)
    delay                                    0x20000790   Data           4  systick.o(.bss.delay)
    [Anonymous Symbol]                       0x20000790   Section        0  systick.o(.bss.delay)
    helpCmdList.i                            0x20000798   Data           4  cli.o(.bss.helpCmdList.i)
    [Anonymous Symbol]                       0x20000798   Section        0  cli.o(.bss.helpCmdList.i)
    STACK                                    0x200007a8   Section     1024  startup_gd32e23x.o(STACK)

    Global Symbols

    Symbol Name                              Value     Ov Type        Size  Object(Section)

    BuildAttributes$$THM_ISAv3M$S$8M$PE$A:L22$X:L11$S22$IEEE1$IW$~IW$USESV6$~STKCKD$USESV7$~SHL$OSPACE$ROPI$EBA8$MICROLIB$REQ8$PRES8$EABIv2 0x00000000   Number         0  anon$$obj.o ABSOLUTE
    __cpp_initialize__aeabi_                  - Undefined Weak Reference
    __cxa_finalize                            - Undefined Weak Reference
    __decompress                              - Undefined Weak Reference
    _clock_init                               - Undefined Weak Reference
    _microlib_exit                            - Undefined Weak Reference
    __Vectors_Size                           0x000000cc   Number         0  startup_gd32e23x.o ABSOLUTE
    __Vectors                                0x08000000   Data           4  startup_gd32e23x.o(RESET)
    __Vectors_End                            0x080000cc   Data           0  startup_gd32e23x.o(RESET)
    __main                                   0x080000cd   Thumb Code     0  entry.o(.ARM.Collect$$$$00000000)
    _main_stk                                0x080000cd   Thumb Code     0  entry2.o(.ARM.Collect$$$$00000001)
    _main_scatterload                        0x080000d1   Thumb Code     0  entry5.o(.ARM.Collect$$$$00000004)
    __main_after_scatterload                 0x080000d5   Thumb Code     0  entry5.o(.ARM.Collect$$$$00000004)
    _main_clock                              0x080000d5   Thumb Code     0  entry7b.o(.ARM.Collect$$$$00000008)
    _main_cpp_init                           0x080000d5   Thumb Code     0  entry8b.o(.ARM.Collect$$$$0000000A)
    _main_init                               0x080000d5   Thumb Code     0  entry9a.o(.ARM.Collect$$$$0000000B)
    __rt_final_cpp                           0x080000dd   Thumb Code     0  entry10a.o(.ARM.Collect$$$$0000000D)
    __rt_final_exit                          0x080000dd   Thumb Code     0  entry11a.o(.ARM.Collect$$$$0000000F)
    Reset_Handler                            0x080000e1   Thumb Code     8  startup_gd32e23x.o(.text)
    ADC_CMP_IRQHandler                       0x080000f3   Thumb Code     0  startup_gd32e23x.o(.text)
    DMA_Channel0_IRQHandler                  0x080000f3   Thumb Code     0  startup_gd32e23x.o(.text)
    DMA_Channel1_2_IRQHandler                0x080000f3   Thumb Code     0  startup_gd32e23x.o(.text)
    DMA_Channel3_4_IRQHandler                0x080000f3   Thumb Code     0  startup_gd32e23x.o(.text)
    EXTI0_1_IRQHandler                       0x080000f3   Thumb Code     0  startup_gd32e23x.o(.text)
    EXTI2_3_IRQHandler                       0x080000f3   Thumb Code     0  startup_gd32e23x.o(.text)
    EXTI4_15_IRQHandler                      0x080000f3   Thumb Code     0  startup_gd32e23x.o(.text)
    FMC_IRQHandler                           0x080000f3   Thumb Code     0  startup_gd32e23x.o(.text)
    I2C0_ER_IRQHandler                       0x080000f3   Thumb Code     0  startup_gd32e23x.o(.text)
    I2C0_EV_IRQHandler                       0x080000f3   Thumb Code     0  startup_gd32e23x.o(.text)
    I2C1_ER_IRQHandler                       0x080000f3   Thumb Code     0  startup_gd32e23x.o(.text)
    I2C1_EV_IRQHandler                       0x080000f3   Thumb Code     0  startup_gd32e23x.o(.text)
    LVD_IRQHandler                           0x080000f3   Thumb Code     0  startup_gd32e23x.o(.text)
    RCU_IRQHandler                           0x080000f3   Thumb Code     0  startup_gd32e23x.o(.text)
    RTC_IRQHandler                           0x080000f3   Thumb Code     0  startup_gd32e23x.o(.text)
    SPI0_IRQHandler                          0x080000f3   Thumb Code     0  startup_gd32e23x.o(.text)
    SPI1_IRQHandler                          0x080000f3   Thumb Code     0  startup_gd32e23x.o(.text)
    TIMER0_BRK_UP_TRG_COM_IRQHandler         0x080000f3   Thumb Code     0  startup_gd32e23x.o(.text)
    TIMER0_Channel_IRQHandler                0x080000f3   Thumb Code     0  startup_gd32e23x.o(.text)
    TIMER13_IRQHandler                       0x080000f3   Thumb Code     0  startup_gd32e23x.o(.text)
    TIMER14_IRQHandler                       0x080000f3   Thumb Code     0  startup_gd32e23x.o(.text)
    TIMER15_IRQHandler                       0x080000f3   Thumb Code     0  startup_gd32e23x.o(.text)
    TIMER16_IRQHandler                       0x080000f3   Thumb Code     0  startup_gd32e23x.o(.text)
    TIMER2_IRQHandler                        0x080000f3   Thumb Code     0  startup_gd32e23x.o(.text)
    TIMER5_IRQHandler                        0x080000f3   Thumb Code     0  startup_gd32e23x.o(.text)
    USART0_IRQHandler                        0x080000f3   Thumb Code     0  startup_gd32e23x.o(.text)
    WWDGT_IRQHandler                         0x080000f3   Thumb Code     0  startup_gd32e23x.o(.text)
    strcat                                   0x080000fd   Thumb Code    24  strcat.o(.text)
    strncpy                                  0x08000115   Thumb Code    26  strncpy.o(.text)
    strlen                                   0x0800012f   Thumb Code    14  strlen.o(.text)
    strcmp                                   0x0800013d   Thumb Code    28  strcmp.o(.text)
    strcpy                                   0x08000159   Thumb Code    18  strcpy.o(.text)
    strncmp                                  0x0800016b   Thumb Code    30  strncmp.o(.text)
    __aeabi_uldivmod                         0x08000189   Thumb Code    96  uldiv.o(.text)
    __I$use$fp                               0x080001e9   Thumb Code     0  iusefp.o(.text)
    __aeabi_dadd                             0x080001e9   Thumb Code   328  dadd.o(.text)
    __aeabi_dsub                             0x08000331   Thumb Code    12  dadd.o(.text)
    __aeabi_drsub                            0x0800033d   Thumb Code    12  dadd.o(.text)
    __aeabi_dmul                             0x0800034d   Thumb Code   202  dmul.o(.text)
    __aeabi_ddiv                             0x0800041d   Thumb Code   234  ddiv.o(.text)
    __aeabi_d2ulz                            0x0800050d   Thumb Code    54  dfixul.o(.text)
    __aeabi_cdrcmple                         0x0800054d   Thumb Code    38  cdrcmple.o(.text)
    __scatterload                            0x08000575   Thumb Code    28  init.o(.text)
    __scatterload_rt2                        0x08000575   Thumb Code     0  init.o(.text)
    __aeabi_uidiv$div0                       0x08000599   Thumb Code     0  uidiv_div0.o(.text)
    __aeabi_uidivmod                         0x08000599   Thumb Code    62  uidiv_div0.o(.text)
    __aeabi_llsl                             0x080005d7   Thumb Code    32  llshl.o(.text)
    _ll_shift_l                              0x080005d7   Thumb Code     0  llshl.o(.text)
    __aeabi_llsr                             0x080005f7   Thumb Code    34  llushr.o(.text)
    _ll_ushift_r                             0x080005f7   Thumb Code     0  llushr.o(.text)
    __aeabi_lasr                             0x08000619   Thumb Code    38  llsshr.o(.text)
    _ll_sshift_r                             0x08000619   Thumb Code     0  llsshr.o(.text)
    _double_round                            0x0800063f   Thumb Code    26  depilogue.o(.text)
    _double_epilogue                         0x08000659   Thumb Code   164  depilogue.o(.text)
    AddHistory                               0x080006fd   Thumb Code   224  console.o(.text.AddHistory)
    ConsoleWrite                             0x080007e9   Thumb Code   136  console.o(.text.ConsoleWrite)
    FIFO_Count                               0x08000875   Thumb Code    38  fifo.o(.text.FIFO_Count)
    FIFO_Empty                               0x0800089b   Thumb Code    42  fifo.o(.text.FIFO_Empty)
    FIFO_Get                                 0x080008f5   Thumb Code    76  fifo.o(.text.FIFO_Get)
    FIFO_Init                                0x08000941   Thumb Code    42  fifo.o(.text.FIFO_Init)
    FIFO_Put                                 0x0800096b   Thumb Code    84  fifo.o(.text.FIFO_Put)
    GetCliData                               0x080009c1   Thumb Code  1660  console.o(.text.GetCliData)
    GetHistoryNext                           0x08001085   Thumb Code   100  console.o(.text.GetHistoryNext)
    GetHistoryPrevious                       0x080010e9   Thumb Code    72  console.o(.text.GetHistoryPrevious)
    HardFault_Handler                        0x0800113d   Thumb Code     4  gd32e23x_it.o(.text.HardFault_Handler)
    InitConsole                              0x08001141   Thumb Code    84  console.o(.text.InitConsole)
    NMI_Handler                              0x080011bd   Thumb Code     2  gd32e23x_it.o(.text.NMI_Handler)
    Parse                                    0x080011c1   Thumb Code   412  console.o(.text.Parse)
    PendSV_Handler                           0x08001365   Thumb Code     2  gd32e23x_it.o(.text.PendSV_Handler)
    Relay_task                               0x08001369   Thumb Code   268  relay.o(.text.Relay_task)
    SVC_Handler                              0x08001481   Thumb Code     2  gd32e23x_it.o(.text.SVC_Handler)
    SendChar                                 0x08001485   Thumb Code    20  console.o(.text.SendChar)
    Shell                                    0x0800149d   Thumb Code   192  console.o(.text.Shell)
    SysTick_Handler                          0x080015bd   Thumb Code     8  gd32e23x_it.o(.text.SysTick_Handler)
    SystemInit                               0x080015c5   Thumb Code   216  system_gd32e23x.o(.text.SystemInit)
    USART1_IRQHandler                        0x080016c1   Thumb Code    32  main.o(.text.USART1_IRQHandler)
    Uart_Transmit                            0x080016e9   Thumb Code    44  uart_driver.o(.text.Uart_Transmit)
    cliDebugParam                            0x0800184d   Thumb Code    14  cli.o(.text.cliDebugParam)
    cliGetSwInfo                             0x0800185b   Thumb Code    14  cli.o(.text.cliGetSwInfo)
    cliInfo                                  0x08001869   Thumb Code    14  cli.o(.text.cliInfo)
    cliReset                                 0x08001877   Thumb Code    14  cli.o(.text.cliReset)
    com_gpio_init                            0x08001885   Thumb Code   136  main.o(.text.com_gpio_init)
    com_usart_init                           0x08001911   Thumb Code    80  main.o(.text.com_usart_init)
    delay_decrement                          0x08001969   Thumb Code    20  systick.o(.text.delay_decrement)
    fputc                                    0x08001981   Thumb Code    20  console.o(.text.fputc)
    gpio_af_set                              0x08001995   Thumb Code   192  gd32e23x_gpio.o(.text.gpio_af_set)
    gpio_bit_reset                           0x08001a55   Thumb Code    16  gd32e23x_gpio.o(.text.gpio_bit_reset)
    gpio_bit_toggle                          0x08001a65   Thumb Code    16  gd32e23x_gpio.o(.text.gpio_bit_toggle)
    gpio_mode_set                            0x08001a75   Thumb Code   142  gd32e23x_gpio.o(.text.gpio_mode_set)
    gpio_output_bit_get                      0x08001b03   Thumb Code    42  gd32e23x_gpio.o(.text.gpio_output_bit_get)
    gpio_output_options_set                  0x08001b2d   Thumb Code   138  gd32e23x_gpio.o(.text.gpio_output_options_set)
    helpCmdList                              0x08001bb9   Thumb Code   172  cli.o(.text.helpCmdList)
    main                                     0x08001c79   Thumb Code    64  main.o(.text.main)
    nvic_irq_enable                          0x08001cbd   Thumb Code    44  gd32e23x_misc.o(.text.nvic_irq_enable)
    nvic_vector_table_set                    0x08001ce9   Thumb Code    28  gd32e23x_misc.o(.text.nvic_vector_table_set)
    rcu_clock_freq_get                       0x08001d0d   Thumb Code   724  gd32e23x_rcu.o(.text.rcu_clock_freq_get)
    rcu_periph_clock_enable                  0x08002005   Thumb Code    36  gd32e23x_rcu.o(.text.rcu_periph_clock_enable)
    rcu_periph_reset_disable                 0x08002029   Thumb Code    36  gd32e23x_rcu.o(.text.rcu_periph_reset_disable)
    rcu_periph_reset_enable                  0x0800204d   Thumb Code    36  gd32e23x_rcu.o(.text.rcu_periph_reset_enable)
    relay_fault                              0x08002071   Thumb Code   108  relay.o(.text.relay_fault)
    searchCliCmd                             0x080020e5   Thumb Code   180  console.o(.text.searchCliCmd)
    statusRelay                              0x080021a5   Thumb Code    52  cli.o(.text.statusRelay)
    systick_config                           0x080022c9   Thumb Code    36  systick.o(.text.systick_config)
    timer_auto_reload_shadow_enable          0x080022f1   Thumb Code    18  gd32e23x_timer.o(.text.timer_auto_reload_shadow_enable)
    timer_channel_output_config              0x08002305   Thumb Code   740  gd32e23x_timer.o(.text.timer_channel_output_config)
    timer_channel_output_mode_config         0x080025f9   Thumb Code   158  gd32e23x_timer.o(.text.timer_channel_output_mode_config)
    timer_channel_output_pulse_value_config  0x08002699   Thumb Code    82  gd32e23x_timer.o(.text.timer_channel_output_pulse_value_config)
    timer_channel_output_shadow_config       0x080026ed   Thumb Code   158  gd32e23x_timer.o(.text.timer_channel_output_shadow_config)
    timer_config                             0x0800278d   Thumb Code   128  main.o(.text.timer_config)
    timer_deinit                             0x08002815   Thumb Code   200  gd32e23x_timer.o(.text.timer_deinit)
    timer_enable                             0x080028f9   Thumb Code    18  gd32e23x_timer.o(.text.timer_enable)
    timer_init                               0x0800290d   Thumb Code   228  gd32e23x_timer.o(.text.timer_init)
    timer_primary_output_config              0x08002a09   Thumb Code    48  gd32e23x_timer.o(.text.timer_primary_output_config)
    usart_baudrate_set                       0x08002a39   Thumb Code   172  gd32e23x_usart.o(.text.usart_baudrate_set)
    usart_data_receive                       0x08002ae9   Thumb Code    16  gd32e23x_usart.o(.text.usart_data_receive)
    usart_data_transmit                      0x08002af9   Thumb Code    20  gd32e23x_usart.o(.text.usart_data_transmit)
    usart_deinit                             0x08002b11   Thumb Code    68  gd32e23x_usart.o(.text.usart_deinit)
    usart_enable                             0x08002b65   Thumb Code    18  gd32e23x_usart.o(.text.usart_enable)
    usart_flag_get                           0x08002b77   Thumb Code    60  gd32e23x_usart.o(.text.usart_flag_get)
    usart_interrupt_enable                   0x08002bb3   Thumb Code    34  gd32e23x_usart.o(.text.usart_interrupt_enable)
    usart_interrupt_flag_get                 0x08002bd5   Thumb Code    98  gd32e23x_usart.o(.text.usart_interrupt_flag_get)
    usart_parity_config                      0x08002c37   Thumb Code    42  gd32e23x_usart.o(.text.usart_parity_config)
    usart_receive_config                     0x08002c61   Thumb Code    30  gd32e23x_usart.o(.text.usart_receive_config)
    usart_stop_bit_set                       0x08002c7f   Thumb Code    42  gd32e23x_usart.o(.text.usart_stop_bit_set)
    usart_transmit_config                    0x08002ca9   Thumb Code    30  gd32e23x_usart.o(.text.usart_transmit_config)
    usart_word_length_set                    0x08002cc7   Thumb Code    42  gd32e23x_usart.o(.text.usart_word_length_set)
    __0printf                                0x08002cf1   Thumb Code    24  printfa.o(i.__0printf)
    __1printf                                0x08002cf1   Thumb Code     0  printfa.o(i.__0printf)
    __2printf                                0x08002cf1   Thumb Code     0  printfa.o(i.__0printf)
    __c89printf                              0x08002cf1   Thumb Code     0  printfa.o(i.__0printf)
    printf                                   0x08002cf1   Thumb Code     0  printfa.o(i.__0printf)
    __ARM_clz                                0x08002d11   Thumb Code    46  depilogue.o(i.__ARM_clz)
    __scatterload_copy                       0x08002d3f   Thumb Code    14  handlers.o(i.__scatterload_copy)
    __scatterload_null                       0x08002d4d   Thumb Code     2  handlers.o(i.__scatterload_null)
    __scatterload_zeroinit                   0x08002d4f   Thumb Code    14  handlers.o(i.__scatterload_zeroinit)
    CmdList                                  0x08003608   Data          56  cli_cmd.o(.rodata.CmdList)
    PromptStr                                0x08003640   Data           7  console.o(.rodata.PromptStr)
    Region$$Table$$Base                      0x080037ec   Number         0  anon$$obj.o(Region$$Table)
    Region$$Table$$Limit                     0x0800380c   Number         0  anon$$obj.o(Region$$Table)
    __stdout                                 0x20000000   Data           4  stdout.o(.data)
    Relay_status                             0x20000004   Data           1  main.o(.data.Relay_status)
    SystemCoreClock                          0x20000008   Data           4  system_gd32e23x.o(.data.SystemCoreClock)
    Alarms                                   0x20000010   Data           2  main.o(.bss.Alarms)
    Buffer                                   0x20000012   Data          60  console.o(.bss.Buffer)
    PtrHistory                               0x20000744   Data           4  console.o(.bss.PtrHistory)
    Uart_Rx                                  0x20000750   Data          12  console.o(.bss.Uart_Rx)
    Uart_Tx                                  0x2000075c   Data          12  console.o(.bss.Uart_Tx)
    evse_flags                               0x20000794   Data           1  main.o(.bss.evse_flags)
    ptr4                                     0x2000079c   Data           4  console.o(.bss.ptr4)
    relay_status                             0x200007a0   Data           1  relay.o(.bss.relay_status)
    __initial_sp                             0x20000ba8   Data           0  startup_gd32e23x.o(STACK)



==============================================================================

Memory Map of the image

  Image Entry point : 0x080000cd

  Load Region LR_IROM1 (Base: 0x08000000, Size: 0x00003820, Max: 0x00010000, ABSOLUTE)

    Execution Region ER_IROM1 (Exec base: 0x08000000, Load base: 0x08000000, Size: 0x0000380c, Max: 0x00010000, ABSOLUTE)

    Exec Addr    Load Addr    Size         Type   Attr      Idx    E Section Name        Object

    0x08000000   0x08000000   0x000000cc   Data   RO         1356    RESET               startup_gd32e23x.o
    0x080000cc   0x080000cc   0x00000000   Code   RO         1363  * .ARM.Collect$$$$00000000  mc_p.l(entry.o)
    0x080000cc   0x080000cc   0x00000004   Code   RO         1409    .ARM.Collect$$$$00000001  mc_p.l(entry2.o)
    0x080000d0   0x080000d0   0x00000004   Code   RO         1412    .ARM.Collect$$$$00000004  mc_p.l(entry5.o)
    0x080000d4   0x080000d4   0x00000000   Code   RO         1414    .ARM.Collect$$$$00000008  mc_p.l(entry7b.o)
    0x080000d4   0x080000d4   0x00000000   Code   RO         1416    .ARM.Collect$$$$0000000A  mc_p.l(entry8b.o)
    0x080000d4   0x080000d4   0x00000008   Code   RO         1417    .ARM.Collect$$$$0000000B  mc_p.l(entry9a.o)
    0x080000dc   0x080000dc   0x00000000   Code   RO         1419    .ARM.Collect$$$$0000000D  mc_p.l(entry10a.o)
    0x080000dc   0x080000dc   0x00000000   Code   RO         1421    .ARM.Collect$$$$0000000F  mc_p.l(entry11a.o)
    0x080000dc   0x080000dc   0x00000004   Code   RO         1410    .ARM.Collect$$$$00002712  mc_p.l(entry2.o)
    0x080000e0   0x080000e0   0x0000001c   Code   RO         1357    .text               startup_gd32e23x.o
    0x080000fc   0x080000fc   0x00000018   Code   RO         1369    .text               mc_p.l(strcat.o)
    0x08000114   0x08000114   0x0000001a   Code   RO         1371    .text               mc_p.l(strncpy.o)
    0x0800012e   0x0800012e   0x0000000e   Code   RO         1373    .text               mc_p.l(strlen.o)
    0x0800013c   0x0800013c   0x0000001c   Code   RO         1375    .text               mc_p.l(strcmp.o)
    0x08000158   0x08000158   0x00000012   Code   RO         1377    .text               mc_p.l(strcpy.o)
    0x0800016a   0x0800016a   0x0000001e   Code   RO         1379    .text               mc_p.l(strncmp.o)
    0x08000188   0x08000188   0x00000060   Code   RO         1427    .text               mc_p.l(uldiv.o)
    0x080001e8   0x080001e8   0x00000000   Code   RO         1429    .text               mc_p.l(iusefp.o)
    0x080001e8   0x080001e8   0x00000164   Code   RO         1430    .text               mf_p.l(dadd.o)
    0x0800034c   0x0800034c   0x000000d0   Code   RO         1432    .text               mf_p.l(dmul.o)
    0x0800041c   0x0800041c   0x000000f0   Code   RO         1434    .text               mf_p.l(ddiv.o)
    0x0800050c   0x0800050c   0x00000040   Code   RO         1436    .text               mf_p.l(dfixul.o)
    0x0800054c   0x0800054c   0x00000028   Code   RO         1438    .text               mf_p.l(cdrcmple.o)
    0x08000574   0x08000574   0x00000024   Code   RO         1440    .text               mc_p.l(init.o)
    0x08000598   0x08000598   0x0000003e   Code   RO         1444    .text               mc_p.l(uidiv_div0.o)
    0x080005d6   0x080005d6   0x00000020   Code   RO         1450    .text               mc_p.l(llshl.o)
    0x080005f6   0x080005f6   0x00000022   Code   RO         1452    .text               mc_p.l(llushr.o)
    0x08000618   0x08000618   0x00000026   Code   RO         1454    .text               mc_p.l(llsshr.o)
    0x0800063e   0x0800063e   0x000000be   Code   RO         1456    .text               mf_p.l(depilogue.o)
    0x080006fc   0x080006fc   0x000000ec   Code   RO          109    .text.AddHistory    console.o
    0x080007e8   0x080007e8   0x0000008c   Code   RO          103    .text.ConsoleWrite  console.o
    0x08000874   0x08000874   0x00000026   Code   RO          145    .text.FIFO_Count    fifo.o
    0x0800089a   0x0800089a   0x0000002a   Code   RO          147    .text.FIFO_Empty    fifo.o
    0x080008c4   0x080008c4   0x00000030   Code   RO          155    .text.FIFO_Full     fifo.o
    0x080008f4   0x080008f4   0x0000004c   Code   RO          151    .text.FIFO_Get      fifo.o
    0x08000940   0x08000940   0x0000002a   Code   RO          161    .text.FIFO_Init     fifo.o
    0x0800096a   0x0800096a   0x00000054   Code   RO          153    .text.FIFO_Put      fifo.o
    0x080009be   0x080009be   0x00000002   PAD
    0x080009c0   0x080009c0   0x000006c4   Code   RO          105    .text.GetCliData    console.o
    0x08001084   0x08001084   0x00000064   Code   RO          115    .text.GetHistoryNext  console.o
    0x080010e8   0x080010e8   0x00000054   Code   RO          113    .text.GetHistoryPrevious  console.o
    0x0800113c   0x0800113c   0x00000004   Code   RO           46    .text.HardFault_Handler  gd32e23x_it.o
    0x08001140   0x08001140   0x0000007c   Code   RO          101    .text.InitConsole   console.o
    0x080011bc   0x080011bc   0x00000002   Code   RO           44    .text.NMI_Handler   gd32e23x_it.o
    0x080011be   0x080011be   0x00000002   PAD
    0x080011c0   0x080011c0   0x000001a4   Code   RO          117    .text.Parse         console.o
    0x08001364   0x08001364   0x00000002   Code   RO           58    .text.PendSV_Handler  gd32e23x_it.o
    0x08001366   0x08001366   0x00000002   PAD
    0x08001368   0x08001368   0x00000118   Code   RO          181    .text.Relay_task    relay.o
    0x08001480   0x08001480   0x00000002   Code   RO           54    .text.SVC_Handler   gd32e23x_it.o
    0x08001482   0x08001482   0x00000002   PAD
    0x08001484   0x08001484   0x00000018   Code   RO           99    .text.SendChar      console.o
    0x0800149c   0x0800149c   0x000000d4   Code   RO          111    .text.Shell         console.o
    0x08001570   0x08001570   0x0000004c   Code   RO           28    .text.SysTick_Config  systick.o
    0x080015bc   0x080015bc   0x00000008   Code   RO           60    .text.SysTick_Handler  gd32e23x_it.o
    0x080015c4   0x080015c4   0x000000fc   Code   RO          196    .text.SystemInit    system_gd32e23x.o
    0x080016c0   0x080016c0   0x00000028   Code   RO           12    .text.USART1_IRQHandler  main.o
    0x080016e8   0x080016e8   0x00000030   Code   RO          170    .text.Uart_Transmit  uart_driver.o
    0x08001718   0x08001718   0x00000034   Code   RO          667    .text.__NVIC_EnableIRQ  gd32e23x_misc.o
    0x0800174c   0x0800174c   0x0000007c   Code   RO           30    .text.__NVIC_SetPriority  systick.o
    0x080017c8   0x080017c8   0x00000084   Code   RO          665    .text.__NVIC_SetPriority  gd32e23x_misc.o
    0x0800184c   0x0800184c   0x0000000e   Code   RO           77    .text.cliDebugParam  cli.o
    0x0800185a   0x0800185a   0x0000000e   Code   RO           73    .text.cliGetSwInfo  cli.o
    0x08001868   0x08001868   0x0000000e   Code   RO           75    .text.cliInfo       cli.o
    0x08001876   0x08001876   0x0000000e   Code   RO           71    .text.cliReset      cli.o
    0x08001884   0x08001884   0x0000008c   Code   RO            6    .text.com_gpio_init  main.o
    0x08001910   0x08001910   0x00000058   Code   RO            8    .text.com_usart_init  main.o
    0x08001968   0x08001968   0x00000018   Code   RO           34    .text.delay_decrement  systick.o
    0x08001980   0x08001980   0x00000014   Code   RO           97    .text.fputc         console.o
    0x08001994   0x08001994   0x000000c0   Code   RO          571    .text.gpio_af_set   gd32e23x_gpio.o
    0x08001a54   0x08001a54   0x00000010   Code   RO          557    .text.gpio_bit_reset  gd32e23x_gpio.o
    0x08001a64   0x08001a64   0x00000010   Code   RO          575    .text.gpio_bit_toggle  gd32e23x_gpio.o
    0x08001a74   0x08001a74   0x0000008e   Code   RO          551    .text.gpio_mode_set  gd32e23x_gpio.o
    0x08001b02   0x08001b02   0x0000002a   Code   RO          567    .text.gpio_output_bit_get  gd32e23x_gpio.o
    0x08001b2c   0x08001b2c   0x0000008a   Code   RO          553    .text.gpio_output_options_set  gd32e23x_gpio.o
    0x08001bb6   0x08001bb6   0x00000002   PAD
    0x08001bb8   0x08001bb8   0x000000c0   Code   RO           69    .text.helpCmdList   cli.o
    0x08001c78   0x08001c78   0x00000044   Code   RO            2    .text.main          main.o
    0x08001cbc   0x08001cbc   0x0000002c   Code   RO          663    .text.nvic_irq_enable  gd32e23x_misc.o
    0x08001ce8   0x08001ce8   0x00000024   Code   RO          677    .text.nvic_vector_table_set  gd32e23x_misc.o
    0x08001d0c   0x08001d0c   0x000002f8   Code   RO          791    .text.rcu_clock_freq_get  gd32e23x_rcu.o
    0x08002004   0x08002004   0x00000024   Code   RO          727    .text.rcu_periph_clock_enable  gd32e23x_rcu.o
    0x08002028   0x08002028   0x00000024   Code   RO          737    .text.rcu_periph_reset_disable  gd32e23x_rcu.o
    0x0800204c   0x0800204c   0x00000024   Code   RO          735    .text.rcu_periph_reset_enable  gd32e23x_rcu.o
    0x08002070   0x08002070   0x00000074   Code   RO          183    .text.relay_fault   relay.o
    0x080020e4   0x080020e4   0x000000c0   Code   RO          107    .text.searchCliCmd  console.o
    0x080021a4   0x080021a4   0x0000003c   Code   RO           79    .text.statusRelay   cli.o
    0x080021e0   0x080021e0   0x000000e0   Code   RO          202    .text.system_clock_72m_irc8m  system_gd32e23x.o
    0x080022c0   0x080022c0   0x00000008   Code   RO          198    .text.system_clock_config  system_gd32e23x.o
    0x080022c8   0x080022c8   0x00000028   Code   RO           26    .text.systick_config  systick.o
    0x080022f0   0x080022f0   0x00000012   Code   RO         1013    .text.timer_auto_reload_shadow_enable  gd32e23x_timer.o
    0x08002302   0x08002302   0x00000002   PAD
    0x08002304   0x08002304   0x000002f4   Code   RO         1087    .text.timer_channel_output_config  gd32e23x_timer.o
    0x080025f8   0x080025f8   0x0000009e   Code   RO         1089    .text.timer_channel_output_mode_config  gd32e23x_timer.o
    0x08002696   0x08002696   0x00000002   PAD
    0x08002698   0x08002698   0x00000052   Code   RO         1091    .text.timer_channel_output_pulse_value_config  gd32e23x_timer.o
    0x080026ea   0x080026ea   0x00000002   PAD
    0x080026ec   0x080026ec   0x0000009e   Code   RO         1093    .text.timer_channel_output_shadow_config  gd32e23x_timer.o
    0x0800278a   0x0800278a   0x00000002   PAD
    0x0800278c   0x0800278c   0x00000088   Code   RO            4    .text.timer_config  main.o
    0x08002814   0x08002814   0x000000e4   Code   RO         1003    .text.timer_deinit  gd32e23x_timer.o
    0x080028f8   0x080028f8   0x00000012   Code   RO         1009    .text.timer_enable  gd32e23x_timer.o
    0x0800290a   0x0800290a   0x00000002   PAD
    0x0800290c   0x0800290c   0x000000fc   Code   RO         1007    .text.timer_init    gd32e23x_timer.o
    0x08002a08   0x08002a08   0x00000030   Code   RO         1079    .text.timer_primary_output_config  gd32e23x_timer.o
    0x08002a38   0x08002a38   0x000000b0   Code   RO         1158    .text.usart_baudrate_set  gd32e23x_usart.o
    0x08002ae8   0x08002ae8   0x00000010   Code   RO         1194    .text.usart_data_receive  gd32e23x_usart.o
    0x08002af8   0x08002af8   0x00000018   Code   RO         1192    .text.usart_data_transmit  gd32e23x_usart.o
    0x08002b10   0x08002b10   0x00000054   Code   RO         1156    .text.usart_deinit  gd32e23x_usart.o
    0x08002b64   0x08002b64   0x00000012   Code   RO         1166    .text.usart_enable  gd32e23x_usart.o
    0x08002b76   0x08002b76   0x0000003c   Code   RO         1284    .text.usart_flag_get  gd32e23x_usart.o
    0x08002bb2   0x08002bb2   0x00000022   Code   RO         1288    .text.usart_interrupt_enable  gd32e23x_usart.o
    0x08002bd4   0x08002bd4   0x00000062   Code   RO         1294    .text.usart_interrupt_flag_get  gd32e23x_usart.o
    0x08002c36   0x08002c36   0x0000002a   Code   RO         1160    .text.usart_parity_config  gd32e23x_usart.o
    0x08002c60   0x08002c60   0x0000001e   Code   RO         1172    .text.usart_receive_config  gd32e23x_usart.o
    0x08002c7e   0x08002c7e   0x0000002a   Code   RO         1164    .text.usart_stop_bit_set  gd32e23x_usart.o
    0x08002ca8   0x08002ca8   0x0000001e   Code   RO         1170    .text.usart_transmit_config  gd32e23x_usart.o
    0x08002cc6   0x08002cc6   0x0000002a   Code   RO         1162    .text.usart_word_length_set  gd32e23x_usart.o
    0x08002cf0   0x08002cf0   0x00000020   Code   RO         1382    i.__0printf         mc_p.l(printfa.o)
    0x08002d10   0x08002d10   0x0000002e   Code   RO         1458    i.__ARM_clz         mf_p.l(depilogue.o)
    0x08002d3e   0x08002d3e   0x0000000e   Code   RO         1462    i.__scatterload_copy  mc_p.l(handlers.o)
    0x08002d4c   0x08002d4c   0x00000002   Code   RO         1463    i.__scatterload_null  mc_p.l(handlers.o)
    0x08002d4e   0x08002d4e   0x0000000e   Code   RO         1464    i.__scatterload_zeroinit  mc_p.l(handlers.o)
    0x08002d5c   0x08002d5c   0x00000174   Code   RO         1389    i._fp_digits        mc_p.l(printfa.o)
    0x08002ed0   0x08002ed0   0x000006ec   Code   RO         1390    i._printf_core      mc_p.l(printfa.o)
    0x080035bc   0x080035bc   0x00000020   Code   RO         1391    i._printf_post_padding  mc_p.l(printfa.o)
    0x080035dc   0x080035dc   0x0000002c   Code   RO         1392    i._printf_pre_padding  mc_p.l(printfa.o)
    0x08003608   0x08003608   0x00000038   Data   RO           91    .rodata.CmdList     cli_cmd.o
    0x08003640   0x08003640   0x00000007   Data   RO          119    .rodata.PromptStr   console.o
    0x08003647   0x08003647   0x00000040   Data   RO           82    .rodata.str1.1      cli.o
    0x08003687   0x08003687   0x0000001f   Data   RO           90    .rodata.str1.1      cli_cmd.o
    0x080036a6   0x080036a6   0x00000146   Data   RO          124    .rodata.str1.1      console.o
    0x080037ec   0x080037ec   0x00000020   Data   RO         1461    Region$$Table       anon$$obj.o


    Execution Region RW_IRAM1 (Exec base: 0x20000000, Load base: 0x08003810, Size: 0x00000ba8, Max: 0x00002000, ABSOLUTE)

    Exec Addr    Load Addr    Size         Type   Attr      Idx    E Section Name        Object

    0x20000000   0x08003810   0x00000004   Data   RW         1368    .data               mc_p.l(stdout.o)
    0x20000004   0x08003814   0x00000001   Data   RW           14    .data.Relay_status  main.o
    0x20000005   0x08003815   0x00000003   PAD
    0x20000008   0x08003818   0x00000004   Data   RW          204    .data.SystemCoreClock  system_gd32e23x.o
    0x2000000c   0x0800381c   0x00000004   PAD
    0x20000010        -       0x00000002   Zero   RW           15    .bss.Alarms         main.o
    0x20000012        -       0x0000003c   Zero   RW          130    .bss.Buffer         console.o
    0x2000004e        -       0x00000100   Zero   RW          123    .bss.ConsoleRxBuffer  console.o
    0x2000014e        -       0x00000400   Zero   RW          121    .bss.ConsoleTxBuffer  console.o
    0x2000054e   0x0800381c   0x00000002   PAD
    0x20000550        -       0x00000004   Zero   RW          125    .bss.GetCliData.i   console.o
    0x20000554        -       0x00000004   Zero   RW          126    .bss.GetCliData.insert  console.o
    0x20000558        -       0x00000004   Zero   RW          127    .bss.GetCliData.length  console.o
    0x2000055c        -       0x00000004   Zero   RW          129    .bss.GetCliData.pbuffer  console.o
    0x20000560        -       0x00000001   Zero   RW          128    .bss.GetCliData.state  console.o
    0x20000561        -       0x000001e0   Zero   RW          133    .bss.Hist           console.o
    0x20000741        -       0x00000001   Zero   RW          132    .bss.HistoryIndex   console.o
    0x20000742        -       0x00000001   Zero   RW          134    .bss.PrevHistoryIndex  console.o
    0x20000743   0x0800381c   0x00000001   PAD
    0x20000744        -       0x00000004   Zero   RW          131    .bss.PtrHistory     console.o
    0x20000748        -       0x00000001   Zero   RW          185    .bss.Relay_task.state  relay.o
    0x20000749   0x0800381c   0x00000003   PAD
    0x2000074c        -       0x00000004   Zero   RW          135    .bss.Shell.ptr3     console.o
    0x20000750        -       0x0000000c   Zero   RW          122    .bss.Uart_Rx        console.o
    0x2000075c        -       0x0000000c   Zero   RW          120    .bss.Uart_Tx        console.o
    0x20000768        -       0x00000028   Zero   RW          136    .bss.argv           console.o
    0x20000790        -       0x00000004   Zero   RW           36    .bss.delay          systick.o
    0x20000794        -       0x00000001   Zero   RW           17    .bss.evse_flags     main.o
    0x20000795   0x0800381c   0x00000003   PAD
    0x20000798        -       0x00000004   Zero   RW           81    .bss.helpCmdList.i  cli.o
    0x2000079c        -       0x00000004   Zero   RW          137    .bss.ptr4           console.o
    0x200007a0        -       0x00000001   Zero   RW          186    .bss.relay_status   relay.o
    0x200007a1   0x0800381c   0x00000007   PAD
    0x200007a8        -       0x00000400   Zero   RW         1354    STACK               startup_gd32e23x.o


==============================================================================

Image component sizes


      Code (inc. data)   RO Data    RW Data    ZI Data      Debug   Object Name

       308         28         64          0          4       1626   cli.o
         0          0         87          0          0        890   cli_cmd.o
      3284        204        333          0       1915       6037   console.o
       330          0          0          0          0       2588   fifo.o
       546          0          0          0          0       4373   gd32e23x_gpio.o
        18          0          0          0          0       1056   gd32e23x_it.o
       264         20          0          0          0       4039   gd32e23x_misc.o
       868         36          0          0          0      11398   gd32e23x_rcu.o
      1718         68          0          0          0      17030   gd32e23x_timer.o
       696         24          0          0          0      13779   gd32e23x_usart.o
       472         32          0          1          3       4608   main.o
       396         20          0          0          2       1366   relay.o
        28          8        204          0       1024        804   startup_gd32e23x.o
       484         56          0          4          0       2009   system_gd32e23x.o
       264         20          0          0          4       3087   systick.o
        48          4          0          0          0       1921   uart_driver.o

    ----------------------------------------------------------------------
      9744        520        720          8       2972      76611   Object Totals
         0          0         32          0          0          0   (incl. Generated)
        20          0          0          3         20          0   (incl. Padding)

    ----------------------------------------------------------------------

      Code (inc. data)   RO Data    RW Data    ZI Data      Debug   Library Member Name

         0          0          0          0          0          0   entry.o
         0          0          0          0          0          0   entry10a.o
         0          0          0          0          0          0   entry11a.o
         8          4          0          0          0          0   entry2.o
         4          0          0          0          0          0   entry5.o
         0          0          0          0          0          0   entry7b.o
         0          0          0          0          0          0   entry8b.o
         8          4          0          0          0          0   entry9a.o
        30          0          0          0          0          0   handlers.o
        36          8          0          0          0         68   init.o
         0          0          0          0          0          0   iusefp.o
        32          0          0          0          0         68   llshl.o
        38          0          0          0          0         68   llsshr.o
        34          0          0          0          0         68   llushr.o
      2252         98          0          0          0        412   printfa.o
         0          0          0          4          0          0   stdout.o
        24          0          0          0          0         60   strcat.o
        28          0          0          0          0         68   strcmp.o
        18          0          0          0          0         60   strcpy.o
        14          0          0          0          0         60   strlen.o
        30          0          0          0          0         72   strncmp.o
        26          0          0          0          0         68   strncpy.o
        62          0          0          0          0         72   uidiv_div0.o
        96          0          0          0          0         84   uldiv.o
        40          2          0          0          0         68   cdrcmple.o
       356          4          0          0          0        140   dadd.o
       240          6          0          0          0         84   ddiv.o
       236          0          0          0          0        216   depilogue.o
        64         10          0          0          0         68   dfixul.o
       208          6          0          0          0         88   dmul.o

    ----------------------------------------------------------------------
      3884        142          0          4          0       1892   Library Totals
         0          0          0          0          0          0   (incl. Padding)

    ----------------------------------------------------------------------

      Code (inc. data)   RO Data    RW Data    ZI Data      Debug   Library Name

      2740        114          0          4          0       1228   mc_p.l
      1144         28          0          0          0        664   mf_p.l

    ----------------------------------------------------------------------
      3884        142          0          4          0       1892   Library Totals

    ----------------------------------------------------------------------

==============================================================================


      Code (inc. data)   RO Data    RW Data    ZI Data      Debug   

     13628        662        720         12       2972      77463   Grand Totals
     13628        662        720         12       2972      77463   ELF Image Totals
     13628        662        720         12          0          0   ROM Totals

==============================================================================

    Total RO  Size (Code + RO Data)                14348 (  14.01kB)
    Total RW  Size (RW Data + ZI Data)              2984 (   2.91kB)
    Total ROM Size (Code + RO Data + RW Data)      14360 (  14.02kB)

==============================================================================

